Component: ARM Compiler 5.06 update 7 (build 960) Tool: armlink [4d3601]

==============================================================================

Section Cross References

    main.o(.text) refers to rtx_kernel.o(.text) for osKernelGetState
    main.o(.text) refers to stm32f4xx_hal_rcc.o(.text) for HAL_RCC_OscConfig
    main.o(.text) refers to stm32f4xx_hal.o(.text) for HAL_GetREVID
    main.o(.text) refers to system_stm32f4xx.o(.text) for SystemCoreClockUpdate
    main.o(.text) refers to rtx_thread.o(.text) for osThreadNew
    main.o(.text) refers to system_stm32f4xx.o(.data) for SystemCoreClock
    main.o(.text) refers to main.o(.data) for .data
    main.o(.text) refers to http_server.o(.constdata) for app_main_attr
    main.o(.text) refers to http_server.o(.text) for app_main
    http_server.o(.text) refers to adc.o(.text) for ADC_getVoltage
    http_server.o(.text) refers to ffixi.o(.text) for __aeabi_f2iz
    http_server.o(.text) refers to buttons_nucleo_f429zi.o(.text) for Buttons_GetState
    http_server.o(.text) refers to rtx_thread.o(.text) for osThreadFlagsSet
    http_server.o(.text) refers to lcd.o(.text) for LCD_reset
    http_server.o(.text) refers to net_sys.o(i.netIF_GetOption) for netIF_GetOption
    http_server.o(.text) refers to net_addr.o(i.netIP_ntoa) for netIP_ntoa
    http_server.o(.text) refers to printfa.o(i.__0sprintf) for __2sprintf
    http_server.o(.text) refers to led_nucleo_f429zi.o(.text) for LED_SetOut
    http_server.o(.text) refers to rtx_delay.o(.text) for osDelay
    http_server.o(.text) refers to net_sys.o(i.netInitialize) for netInitialize
    http_server.o(.text) refers to http_server.o(.bss) for .bss
    http_server.o(.text) refers to http_server.o(.data) for .data
    http_server.o(.constdata) refers to http_server.o(.bss) for app_main_stk
    http_server_cgi.o(.text) refers to net_http_server.o(i.netCGI_GetEnvVar) for netCGI_GetEnvVar
    http_server_cgi.o(.text) refers to net_addr.o(i.netIP_aton) for netIP_aton
    http_server_cgi.o(.text) refers to net_sys.o(i.netIF_SetOption) for netIF_SetOption
    http_server_cgi.o(.text) refers to strcmp.o(.text) for strcmp
    http_server_cgi.o(.text) refers to strncmp.o(.text) for strncmp
    http_server_cgi.o(.text) refers to led_nucleo_f429zi.o(.text) for LED_SetOut
    http_server_cgi.o(.text) refers to net_http_server.o(i.netHTTPs_LoginActive) for netHTTPs_LoginActive
    http_server_cgi.o(.text) refers to strcpy.o(.text) for strcpy
    http_server_cgi.o(.text) refers to net_http_server.o(i.netHTTPs_SetPassword) for netHTTPs_SetPassword
    http_server_cgi.o(.text) refers to rtx_thread.o(.text) for osThreadFlagsSet
    http_server_cgi.o(.text) refers to net_sys.o(i.netIF_GetOption) for netIF_GetOption
    http_server_cgi.o(.text) refers to net_addr.o(i.netIP_ntoa) for netIP_ntoa
    http_server_cgi.o(.text) refers to printfa.o(i.__0sprintf) for __2sprintf
    http_server_cgi.o(.text) refers to net_tcp.o(i.netTCP_GetState) for netTCP_GetState
    http_server_cgi.o(.text) refers to net_tcp.o(i.netTCP_GetPeer) for netTCP_GetPeer
    http_server_cgi.o(.text) refers to net_tcp.o(i.netTCP_GetTimer) for netTCP_GetTimer
    http_server_cgi.o(.text) refers to net_tcp.o(i.netTCP_GetLocalPort) for netTCP_GetLocalPort
    http_server_cgi.o(.text) refers to net_http_server.o(i.netHTTPs_GetPassword) for netHTTPs_GetPassword
    http_server_cgi.o(.text) refers to http_server_cgi.o(.bss) for .bss
    http_server_cgi.o(.text) refers to http_server_cgi.o(.data) for .data
    http_server_cgi.o(.text) refers to http_server.o(.data) for LEDrun
    http_server_cgi.o(.text) refers to http_server_cgi.o(.conststring) for .conststring
    http_server_cgi.o(.text) refers to net_http_server.o(i.netHTTPs_GetLanguage) for netHTTPs_GetLanguage
    http_server_cgi.o(.text) refers to http_server.o(.text) for AD_in
    http_server_cgi.o(.text) refers to ffltui.o(.text) for __aeabi_ui2f
    http_server_cgi.o(.text) refers to fmul.o(.text) for __aeabi_fmul
    http_server_cgi.o(.text) refers to f2d.o(.text) for __aeabi_f2d
    http_server_cgi.o(.text) refers to dscalb.o(.text) for __ARM_scalbn
    web.o(.text) refers to web.o(.constdata) for .constdata
    web.o(.constdata) refers to web.o(.constdata) for imageFileData
    lcd.o(.text) refers to stm32f4xx_hal_gpio.o(.text) for HAL_GPIO_Init
    lcd.o(.text) refers to rtx_delay.o(.text) for osDelay
    lcd.o(.text) refers to lcd.o(.data) for .data
    lcd.o(.text) refers to lcd.o(.bss) for .bss
    lcd.o(.text) refers to lcd.o(.constdata) for .constdata
    lcd.o(.data) refers to spi_stm32f4xx.o(.constdata) for Driver_SPI1
    adc.o(.text) refers to memseta.o(.text) for __aeabi_memclr4
    adc.o(.text) refers to stm32f4xx_hal_gpio.o(.text) for HAL_GPIO_Init
    adc.o(.text) refers to stm32f4xx_hal_adc.o(.text) for HAL_ADC_Init
    adc.o(.text) refers to ffltui.o(.text) for __aeabi_ui2f
    buttons_nucleo_f429zi.o(.text) refers to stm32f4xx_hal_gpio.o(.text) for HAL_GPIO_Init
[...]
    memcmp                                   0x0800a723   Thumb Code    26  memcmp.o(.text)
    strcpy                                   0x0800a73d   Thumb Code    18  strcpy.o(.text)
    strncmp                                  0x0800a74f   Thumb Code    30  strncmp.o(.text)
    __aeabi_fmul                             0x0800a76d   Thumb Code   100  fmul.o(.text)
    __ARM_scalbn                             0x0800a7d1   Thumb Code    46  dscalb.o(.text)
    scalbn                                   0x0800a7d1   Thumb Code     0  dscalb.o(.text)
    __aeabi_ui2f                             0x0800a7ff   Thumb Code    10  ffltui.o(.text)
    __aeabi_f2iz                             0x0800a809   Thumb Code    50  ffixi.o(.text)
    __aeabi_f2d                              0x0800a83b   Thumb Code    38  f2d.o(.text)
    __aeabi_uidiv                            0x0800a861   Thumb Code     0  uidiv.o(.text)
    __aeabi_uidivmod                         0x0800a861   Thumb Code    44  uidiv.o(.text)
    __aeabi_llsl                             0x0800a88d   Thumb Code    30  llshl.o(.text)
    _ll_shift_l                              0x0800a88d   Thumb Code     0  llshl.o(.text)
    __aeabi_llsr                             0x0800a8ab   Thumb Code    32  llushr.o(.text)
    _ll_ushift_r                             0x0800a8ab   Thumb Code     0  llushr.o(.text)
    __I$use$fp                               0x0800a8cb   Thumb Code     0  iusefp.o(.text)
    _float_round                             0x0800a8cb   Thumb Code    18  fepilogue.o(.text)
    _float_epilogue                          0x0800a8dd   Thumb Code    92  fepilogue.o(.text)
    __aeabi_dadd                             0x0800a939   Thumb Code   322  dadd.o(.text)
    __aeabi_dsub                             0x0800aa7b   Thumb Code     6  dadd.o(.text)
    __aeabi_drsub                            0x0800aa81   Thumb Code     6  dadd.o(.text)
    __aeabi_dmul                             0x0800aa87   Thumb Code   228  dmul.o(.text)
    __aeabi_ddiv                             0x0800ab6b   Thumb Code   222  ddiv.o(.text)
    __aeabi_d2ulz                            0x0800ac49   Thumb Code    48  dfixul.o(.text)
    __aeabi_cdrcmple                         0x0800ac79   Thumb Code    48  cdrcmple.o(.text)
    __scatterload                            0x0800aca9   Thumb Code    28  init.o(.text)
    __scatterload_rt2                        0x0800aca9   Thumb Code     0  init.o(.text)
    __aeabi_lasr                             0x0800accd   Thumb Code    36  llsshr.o(.text)
    _ll_sshift_r                             0x0800accd   Thumb Code     0  llsshr.o(.text)
    _double_round                            0x0800acf1   Thumb Code    30  depilogue.o(.text)
    _double_epilogue                         0x0800ad0f   Thumb Code   156  depilogue.o(.text)
    __decompress                             0x0800adab   Thumb Code     0  __dczerorl2.o(.text)
    __decompress1                            0x0800adab   Thumb Code    86  __dczerorl2.o(.text)
    __0sprintf                               0x0800ae01   Thumb Code    34  printfa.o(i.__0sprintf)
    __1sprintf                               0x0800ae01   Thumb Code     0  printfa.o(i.__0sprintf)
    __2sprintf                               0x0800ae01   Thumb Code     0  printfa.o(i.__0sprintf)
    __c89sprintf                             0x0800ae01   Thumb Code     0  printfa.o(i.__0sprintf)
    sprintf                                  0x0800ae01   Thumb Code     0  printfa.o(i.__0sprintf)
    __scatterload_copy                       0x0800ae29   Thumb Code    14  handlers.o(i.__scatterload_copy)
    __scatterload_null                       0x0800ae37   Thumb Code     2  handlers.o(i.__scatterload_null)
    __scatterload_zeroinit                   0x0800ae39   Thumb Code    14  handlers.o(i.__scatterload_zeroinit)
    netCGI_Charset                           0x0800e575   Thumb Code     4  net_http_server.o(i.netCGI_Charset)
    netCGI_ContentType                       0x0800e579   Thumb Code     4  net_http_server.o(i.netCGI_ContentType)
    netCGI_CustomHeader                      0x0800e57d   Thumb Code     4  net_http_server.o(i.netCGI_CustomHeader)
    netCGI_GetEnvVar                         0x0800e581   Thumb Code   104  net_http_server.o(i.netCGI_GetEnvVar)
    netCGI_Redirect                          0x0800e5ed   Thumb Code     4  net_http_server.o(i.netCGI_Redirect)
    netCGX_ContentType                       0x0800e5f1   Thumb Code     4  net_http_server.o(i.netCGX_ContentType)
    netCore_Thread                           0x0800e5f5   Thumb Code    90  net_sys.o(i.netCore_Thread)
    netETH_Notify                            0x0800e659   Thumb Code     2  net_eth.o(i.netETH_Notify)
    netETH_ReceiveRaw                        0x0800e65b   Thumb Code     2  net_eth.o(i.netETH_ReceiveRaw)
    netETH_Thread                            0x0800e65d   Thumb Code   114  net_eth.o(i.netETH_Thread)
    netHTTPs_AcceptClient                    0x0800e6cf   Thumb Code     4  net_http_server.o(i.netHTTPs_AcceptClient)
    netHTTPs_CheckAccount                    0x0800e6d3   Thumb Code     4  net_http_server_auth.o(i.netHTTPs_CheckAccount)
    netHTTPs_FileAccess                      0x0800e6d7   Thumb Code     4  net_http_server.o(i.netHTTPs_FileAccess)
    netHTTPs_GetLanguage                     0x0800e6dd   Thumb Code    24  net_http_server.o(i.netHTTPs_GetLanguage)
    netHTTPs_GetPassword                     0x0800e6fd   Thumb Code     6  net_http_server.o(i.netHTTPs_GetPassword)
    netHTTPs_LoginActive                     0x0800e709   Thumb Code     6  net_http_server.o(i.netHTTPs_LoginActive)
    netHTTPs_SetPassword                     0x0800e715   Thumb Code    78  net_http_server.o(i.netHTTPs_SetPassword)
    netIF_GetOption                          0x0800e76d   Thumb Code   128  net_sys.o(i.netIF_GetOption)
    netIF_SetOption                          0x0800e7f5   Thumb Code   124  net_sys.o(i.netIF_SetOption)
    netIP_aton                               0x0800e879   Thumb Code    26  net_addr.o(i.netIP_aton)
    netIP_ntoa                               0x0800e893   Thumb Code    50  net_addr.o(i.netIP_ntoa)
    netInitialize                            0x0800e8c5   Thumb Code   156  net_sys.o(i.netInitialize)
    netMAC_aton                              0x0800e971   Thumb Code   140  net_addr.o(i.netMAC_aton)
    netTCP_GetLocalPort                      0x0800e9fd   Thumb Code     4  net_tcp.o(i.netTCP_GetLocalPort)
    netTCP_GetPeer                           0x0800ea01   Thumb Code    32  net_tcp.o(i.netTCP_GetPeer)
    netTCP_GetState                          0x0800ea21   Thumb Code     4  net_tcp.o(i.netTCP_GetState)
    netTCP_GetTimer                          0x0800ea25   Thumb Code     4  net_tcp.o(i.netTCP_GetTimer)
    net_addr4_aton                           0x0800ea29   Thumb Code   124  net_addr.o(i.net_addr4_aton)
    net_addr4_to_mac                         0x0800eaa5   Thumb Code    30  net_addr.o(i.net_addr4_to_mac)
    net_addr6_aton                           0x0800eac5   Thumb Code   230  net_addr.o(i.net_addr6_aton)
    net_addr6_comp                           0x0800ebab   Thumb Code    40  net_addr.o(i.net_addr6_comp)
    net_addr6_copy                           0x0800ebd3   Thumb Code    18  net_addr.o(i.net_addr6_copy)
    net_addr6_create                         0x0800ebe5   Thumb Code    70  net_addr.o(i.net_addr6_create)
    net_addr6_get_solicited                  0x0800ec31   Thumb Code    34  net_addr.o(i.net_addr6_get_solicited)
    net_addr6_is_linklocal                   0x0800ec59   Thumb Code    24  net_addr.o(i.net_addr6_is_linklocal)
    net_addr6_is_onlink                      0x0800ec71   Thumb Code   110  net_addr.o(i.net_addr6_is_onlink)
    net_addr6_is_solicited                   0x0800ecdf   Thumb Code    72  net_addr.o(i.net_addr6_is_solicited)
    net_addr6_is_unspec                      0x0800ed27   Thumb Code    24  net_addr.o(i.net_addr6_is_unspec)
    net_addr6_to_mac                         0x0800ed3f   Thumb Code    14  net_addr.o(i.net_addr6_to_mac)
    net_addr_copy                            0x0800ed4d   Thumb Code    38  net_addr.o(i.net_addr_copy)
    net_addr_find_route                      0x0800ed73   Thumb Code    26  net_addr.o(i.net_addr_find_route)
    net_addr_get_local                       0x0800ed8d   Thumb Code    26  net_addr.o(i.net_addr_get_local)
    net_addr_is_unspec                       0x0800edad   Thumb Code    34  net_addr.o(i.net_addr_is_unspec)
    net_arp_cache_add                        0x0800edd1   Thumb Code   276  net_arp.o(i.net_arp_cache_add)
    net_arp_cache_early                      0x0800eeed   Thumb Code   180  net_arp.o(i.net_arp_cache_early)
    net_arp_cache_find                       0x0800efa9   Thumb Code   224  net_arp.o(i.net_arp_cache_find)
    net_arp_cache_init                       0x0800f095   Thumb Code    64  net_arp.o(i.net_arp_cache_init)
    net_arp_cache_run                        0x0800f0dd   Thumb Code    22  net_arp.o(i.net_arp_cache_run)
    net_arp_enqueue                          0x0800f0f9   Thumb Code   114  net_arp.o(i.net_arp_enqueue)
    net_arp_notify                           0x0800f171   Thumb Code    32  net_arp.o(i.net_arp_notify)
    net_arp_process                          0x0800f191   Thumb Code   536  net_arp.o(i.net_arp_process)
    net_atoi                                 0x0800f3b5   Thumb Code    66  net_common.o(i.net_atoi)
    net_base64_decode                        0x0800f3f9   Thumb Code   114  net_base64.o(i.net_base64_decode)
    net_chksum_buf                           0x0800f471   Thumb Code    48  net_common.o(i.net_chksum_buf)
    net_crc_buf                              0x0800f4a1   Thumb Code    30  net_common.o(i.net_crc_buf)
    net_eth_callback                         0x0800f4bf   Thumb Code    14  net_eth.o(i.net_eth_callback)
    net_eth_config_mcast                     0x0800f4cd   Thumb Code   104  net_eth.o(i.net_eth_config_mcast)
    net_eth_get_option                       0x0800f535   Thumb Code   234  net_eth.o(i.net_eth_get_option)
    net_eth_iface_init                       0x0800f621   Thumb Code    22  net_eth.o(i.net_eth_iface_init)
    net_eth_iface_run                        0x0800f63d   Thumb Code    22  net_eth.o(i.net_eth_iface_run)
    net_eth_output                           0x0800f659   Thumb Code   164  net_eth.o(i.net_eth_output)
    net_eth_send_frame                       0x0800f701   Thumb Code   462  net_eth.o(i.net_eth_send_frame)
    net_eth_set_option                       0x0800f8e1   Thumb Code   610  net_eth.o(i.net_eth_set_option)
    net_http_server_init                     0x0800fb51   Thumb Code   212  net_http_server.o(i.net_http_server_init)
    net_http_server_run                      0x0800fc39   Thumb Code    30  net_http_server.o(i.net_http_server_run)
    net_icmp6_init                           0x0800fc61   Thumb Code    20  net_icmp6.o(i.net_icmp6_init)
    net_icmp6_process                        0x0800fc79   Thumb Code   542  net_icmp6.o(i.net_icmp6_process)
    net_icmp6_send                           0x0800feb1   Thumb Code   122  net_icmp6.o(i.net_icmp6_send)
    net_icmp6_send_echo                      0x0800ff35   Thumb Code    78  net_icmp6.o(i.net_icmp6_send_echo)
    net_icmp_init                            0x0800ff8d   Thumb Code    20  net_icmp.o(i.net_icmp_init)
    net_icmp_process                         0x0800ffa5   Thumb Code   430  net_icmp.o(i.net_icmp_process)
    net_icmp_send_echo                       0x0801016d   Thumb Code   142  net_icmp.o(i.net_icmp_send_echo)
    net_if_map_all                           0x0801020d   Thumb Code     6  net_sys.o(i.net_if_map_all)
    net_igmp_collect_mcast                   0x08010219   Thumb Code   104  net_igmp.o(i.net_igmp_collect_mcast)
    net_igmp_host_init                       0x08010285   Thumb Code    68  net_igmp.o(i.net_igmp_host_init)
    net_igmp_host_run                        0x080102cd   Thumb Code    22  net_igmp.o(i.net_igmp_host_run)
    net_igmp_is_member                       0x080102e9   Thumb Code    28  net_igmp.o(i.net_igmp_is_member)
    net_igmp_process                         0x08010309   Thumb Code   414  net_igmp.o(i.net_igmp_process)
    net_ip4_chk_frame                        0x080104b5   Thumb Code   372  net_ip4.o(i.net_ip4_chk_frame)
    net_ip4_chksum                           0x08010641   Thumb Code    44  net_ip4.o(i.net_ip4_chksum)
    net_ip4_chksum_buf                       0x0801066d   Thumb Code     6  net_ip4.o(i.net_ip4_chksum_buf)
    net_ip4_find_route                       0x08010675   Thumb Code   104  net_ip4.o(i.net_ip4_find_route)
    net_ip4_frag_add                         0x080106f5   Thumb Code   284  net_ip4_frag.o(i.net_ip4_frag_add)
    net_ip4_frag_get                         0x08010819   Thumb Code   168  net_ip4_frag.o(i.net_ip4_frag_get)
    net_ip4_frag_init                        0x080108c5   Thumb Code    12  net_ip4_frag.o(i.net_ip4_frag_init)
    net_ip4_frag_run                         0x080108d5   Thumb Code    50  net_ip4_frag.o(i.net_ip4_frag_run)
    net_ip4_get_local                        0x08010911   Thumb Code    40  net_ip4.o(i.net_ip4_get_local)
    net_ip4_init                             0x0801093d   Thumb Code    22  net_ip4.o(i.net_ip4_init)
    net_ip4_is_onlink                        0x08010961   Thumb Code    32  net_ip4.o(i.net_ip4_is_onlink)
    net_ip4_is_subcast                       0x08010981   Thumb Code    38  net_ip4.o(i.net_ip4_is_subcast)
    net_ip4_reass_frame                      0x080109a7   Thumb Code    14  net_ip4.o(i.net_ip4_reass_frame)
    net_ip4_send_frame                       0x080109b5   Thumb Code   340  net_ip4.o(i.net_ip4_send_frame)
    net_ip4_tx_offl_hl                       0x08010b19   Thumb Code    42  net_ip4.o(i.net_ip4_tx_offl_hl)
    net_ip6_chk_frame                        0x08010b45   Thumb Code   236  net_ip6.o(i.net_ip6_chk_frame)
    net_ip6_chksum                           0x08010c45   Thumb Code    50  net_ip6.o(i.net_ip6_chksum)
    net_ip6_collect_mcast                    0x08010c79   Thumb Code   118  net_ip6.o(i.net_ip6_collect_mcast)
    net_ip6_find_route                       0x08010cf5   Thumb Code    56  net_ip6.o(i.net_ip6_find_route)
    net_ip6_get_local                        0x08010d3d   Thumb Code    74  net_ip6.o(i.net_ip6_get_local)
    net_ip6_init                             0x08010d91   Thumb Code    20  net_ip6.o(i.net_ip6_init)
    net_ip6_send_frame                       0x08010dad   Thumb Code   192  net_ip6.o(i.net_ip6_send_frame)
    net_ip6_tx_offl_hl                       0x08010e79   Thumb Code    30  net_ip6.o(i.net_ip6_tx_offl_hl)
    net_itoa                                 0x08010e97   Thumb Code     8  net_common.o(i.net_itoa)
    net_itoa_n0                              0x08010e9f   Thumb Code     6  net_common.o(i.net_itoa_n0)
    net_loop_iface_init                      0x08010ea5   Thumb Code    40  net_loopback.o(i.net_loop_iface_init)
    net_loop_iface_run                       0x08010ed5   Thumb Code   176  net_loopback.o(i.net_loop_iface_run)
    net_loop_send_frame                      0x08010f91   Thumb Code   104  net_loopback.o(i.net_loop_send_frame)
    net_mem_alloc                            0x08011001   Thumb Code   178  net_mem.o(i.net_mem_alloc)
    net_mem_avail                            0x080110c1   Thumb Code    22  net_mem.o(i.net_mem_avail)
    net_mem_free                             0x080110dd   Thumb Code   152  net_mem.o(i.net_mem_free)
    net_mem_init                             0x08011181   Thumb Code    98  net_mem.o(i.net_mem_init)
    net_mem_shrink                           0x080111f1   Thumb Code    62  net_mem.o(i.net_mem_shrink)
    net_nbns_client_init                     0x08011239   Thumb Code    82  net_nbns_client.o(i.net_nbns_client_init)
    net_ndp_cache_find                       0x0801129d   Thumb Code   438  net_ndp.o(i.net_ndp_cache_find)
    net_ndp_cache_refresh                    0x08011461   Thumb Code   112  net_ndp.o(i.net_ndp_cache_refresh)
    net_ndp_enqueue                          0x080114d9   Thumb Code   108  net_ndp.o(i.net_ndp_enqueue)
    net_ndp_process                          0x08011549   Thumb Code   872  net_ndp.o(i.net_ndp_process)
    net_path                                 0x080118bd   Thumb Code    52  net_sys.o(i.net_path)
    net_ping_client_init                     0x080118f5   Thumb Code    22  net_ping_core.o(i.net_ping_client_init)
    net_ping_client_run                      0x08011915   Thumb Code   110  net_ping_core.o(i.net_ping_client_run)
    net_rand32                               0x08011995   Thumb Code    18  net_sys.o(i.net_rand32)
    net_strcasecmp                           0x080119b1   Thumb Code    46  net_common.o(i.net_strcasecmp)
    net_strchr                               0x080119df   Thumb Code    22  net_common.o(i.net_strchr)
    net_strcmp                               0x080119f5   Thumb Code    26  net_common.o(i.net_strcmp)
    net_strcpy                               0x08011a0f   Thumb Code    18  net_common.o(i.net_strcpy)
    net_strnchr                              0x08011a21   Thumb Code    28  net_common.o(i.net_strnchr)
    net_strncpy                              0x08011a3d   Thumb Code    26  net_common.o(i.net_strncpy)
    net_strtoupper                           0x08011a57   Thumb Code    32  net_common.o(i.net_strtoupper)
    net_sys_lock                             0x08011a79   Thumb Code     8  net_sys.o(i.net_sys_lock)
    net_sys_resume                           0x08011a85   Thumb Code    22  net_sys.o(i.net_sys_resume)
    net_sys_tick                             0x08011a9d   Thumb Code    16  net_sys.o(i.net_sys_tick)
    net_sys_unlock                           0x08011ab1   Thumb Code     8  net_sys.o(i.net_sys_unlock)
    net_sys_wakeup                           0x08011abd   Thumb Code    26  net_sys.o(i.net_sys_wakeup)
    net_tcp_abort                            0x08011add   Thumb Code   122  net_tcp.o(i.net_tcp_abort)
    net_tcp_close                            0x08011b61   Thumb Code   218  net_tcp.o(i.net_tcp_close)
    net_tcp_get_buf                          0x08011c45   Thumb Code    46  net_tcp.o(i.net_tcp_get_buf)
    net_tcp_get_local_port                   0x08011c75   Thumb Code    48  net_tcp.o(i.net_tcp_get_local_port)
    net_tcp_get_mss                          0x08011ca9   Thumb Code    34  net_tcp.o(i.net_tcp_get_mss)
    net_tcp_get_peer                         0x08011cd1   Thumb Code    80  net_tcp.o(i.net_tcp_get_peer)
    net_tcp_get_socket                       0x08011d25   Thumb Code   104  net_tcp.o(i.net_tcp_get_socket)
    net_tcp_get_state                        0x08011d95   Thumb Code    40  net_tcp.o(i.net_tcp_get_state)
    net_tcp_get_timer                        0x08011dc1   Thumb Code    48  net_tcp.o(i.net_tcp_get_timer)
    net_tcp_listen                           0x08011df5   Thumb Code   168  net_tcp.o(i.net_tcp_listen)
    net_tcp_process                          0x08011ea5   Thumb Code  1956  net_tcp.o(i.net_tcp_process)
    net_tcp_send                             0x0801264d   Thumb Code   336  net_tcp.o(i.net_tcp_send)
    net_tcp_set_option                       0x080127a9   Thumb Code   288  net_tcp.o(i.net_tcp_set_option)
    net_tcp_socket_init                      0x080128d5   Thumb Code    30  net_tcp.o(i.net_tcp_socket_init)
    net_tcp_socket_run                       0x080128fd   Thumb Code   938  net_tcp.o(i.net_tcp_socket_run)
    net_udp_get_buf                          0x08012cbd   Thumb Code    46  net_udp.o(i.net_udp_get_buf)
    net_udp_get_socket                       0x08012ced   Thumb Code   102  net_udp.o(i.net_udp_get_socket)
    net_udp_open                             0x08012d5d   Thumb Code   160  net_udp.o(i.net_udp_open)
    net_udp_process                          0x08012e09   Thumb Code   322  net_udp.o(i.net_udp_process)
    net_udp_send_if                          0x08012f61   Thumb Code   540  net_udp.o(i.net_udp_send_if)
    net_udp_socket_init                      0x0801318d   Thumb Code    30  net_udp.o(i.net_udp_socket_init)
    net_ultoa                                0x080131b1   Thumb Code     8  net_common.o(i.net_ultoa)
    net_ultox                                0x080131b9   Thumb Code    44  net_common.o(i.net_ultox)
    net_xtoul                                0x080131e9   Thumb Code    76  net_common.o(i.net_xtoul)
    app_main_attr                            0x08013d40   Data          36  http_server.o(.constdata)
    imageLastModified                        0x08013d64   Data           4  web.o(.constdata)
    Arial12x12                               0x0801a36c   Data        2400  lcd.o(.constdata)
    osRtxUserSVC                             0x0801ad4c   Data           4  rtx_lib.o(.constdata)
    Driver_ETH_PHY0                          0x0801ad54   Data          32  phy_lan8742a.o(.constdata)
    Driver_ETH_MAC0                          0x0801adc4   Data          68  emac_stm32f4xx.o(.constdata)
    Driver_SPI1                              0x0801ae5c   Data          44  spi_stm32f4xx.o(.constdata)
    EventRecorderInfo                        0x0801ae88   Data          24  eventrecorder.o(.constdata)
    AHBPrescTable                            0x0801aea8   Data          16  system_stm32f4xx.o(.constdata)
    APBPrescTable                            0x0801aeb8   Data           8  system_stm32f4xx.o(.constdata)
    net_sys_config                           0x0801af68   Data          28  net_config.o(.constdata)
    net_eth0_if_config                       0x0801afdc   Data          44  net_config.o(.constdata)
    net_eth_list                             0x0801b008   Data           8  net_config.o(.constdata)
    net_if_list_lan                          0x0801b010   Data           8  net_config.o(.constdata)
    net_if_list_all                          0x0801b018   Data           8  net_config.o(.constdata)
    net_if_inet_def                          0x0801b020   Data           8  net_config.o(.constdata)
    net_if_link_def                          0x0801b028   Data           8  net_config.o(.constdata)
    net_arp_list                             0x0801b030   Data           8  net_config.o(.constdata)
    net_icmp_list                            0x0801b038   Data           8  net_config.o(.constdata)
    net_igmp_list                            0x0801b040   Data           8  net_config.o(.constdata)
    net_icmp6_list                           0x0801b048   Data           4  net_config.o(.constdata)
    net_ip4_frag_config                      0x0801b04c   Data           8  net_config.o(.constdata)
    net_udp_config                           0x0801b054   Data          12  net_config.o(.constdata)
    net_tcp_config                           0x0801b060   Data          24  net_config.o(.constdata)
    net_http_config                          0x0801b078   Data          52  net_config.o(.constdata)
    netif_getopt_func                        0x0801b0fc   Data          16  net_config.o(.constdata)
    netif_setopt_func                        0x0801b10c   Data          16  net_config.o(.constdata)
    net_loop_if_config                       0x0801b124   Data          44  net_loopback.o(.constdata)
    net_http_auth_basic_func                 0x0801b260   Data          24  net_http_server_auth.o(.constdata)
    net_ping_payload                         0x0801b278   Data          18  net_ping_core.o(.constdata)
    net_addr_unspec                          0x0801b28a   Data          16  net_addr.o(.constdata)
    net_addr_bcast                           0x0801b29a   Data           6  net_addr.o(.constdata)
    net_addr4_loopback                       0x0801b2a0   Data           4  net_ip4.o(.constdata)
    net_addr6_all_nodes                      0x0801b2a4   Data          16  net_ip6.o(.constdata)
    net_addr6_loopback                       0x0801b2b4   Data          16  net_ip6.o(.constdata)
    net_http_error                           0x0801b2c4   Data          24  net_http_server_err.o(.constdata)
    net_lib_version                          0x0801b37c   Data           4  net_version.o(.constdata)
    network_ip4ip6_debug_v7.15.0             0x0801b37c   Data           4  net_version.o(.constdata)
    osRtxConfig                              0x0801b74c   Data         112  rtx_lib.o(.rodata)
    os_cb_sections                           0x0801b7bc   Data          56  rtx_lib.o(.rodata)
    Region$$Table$$Base                      0x0801b7f4   Number         0  anon$$obj.o(Region$$Table)
    Region$$Table$$Limit                     0x0801b824   Number         0  anon$$obj.o(Region$$Table)
    .bss.os.msgqueue.cb$$Base                0x20008044   Number         0  rtx_lib.o(.bss.os.msgqueue.cb)
    .bss.os.msgqueue.cb$$Limit               0x20008078   Number         0  rtx_lib.o(.bss.os.msgqueue.cb)
    .bss.os.mutex.cb$$Base                   0x200080c8   Number         0  net_config.o(.bss.os.mutex.cb)
    .bss.os.mutex.cb$$Limit                  0x20008100   Number         0  net_config.o(.bss.os.mutex.cb)
    .bss.os.semaphore.cb$$Base               0x20008100   Number         0  net_config.o(.bss.os.semaphore.cb)
    .bss.os.semaphore.cb$$Limit              0x20008110   Number         0  net_config.o(.bss.os.semaphore.cb)
    .bss.os.thread.cb$$Base                  0x20008110   Number         0  rtx_lib.o(.bss.os.thread.cb)
    .bss.os.thread.cb$$Limit                 0x20008220   Number         0  net_config.o(.bss.os.thread.cb)
    .bss.os.timer.cb$$Base                   0x20008620   Number         0  net_config.o(.bss.os.timer.cb)
    .bss.os.timer.cb$$Limit                  0x20008640   Number         0  net_config.o(.bss.os.timer.cb)
    LEDrun                                   0x20008644   Data           1  http_server.o(.data)
    TID_Display                              0x20008648   Data           4  http_server.o(.data)
    TID_Led                                  0x2000864c   Data           4  http_server.o(.data)
    lcd_text                                 0x20008650   Data          42  http_server.o(.data)
    positionL1                               0x20008684   Data           2  lcd.o(.data)
    positionL2                               0x20008686   Data           2  lcd.o(.data)
    SPIdrv                                   0x20008688   Data           4  lcd.o(.data)
    stat                                     0x2000868c   Data           4  lcd.o(.data)
    uwTickFreq                               0x20008690   Data           1  stm32f4xx_hal.o(.data)
    uwTickPrio                               0x20008694   Data           4  stm32f4xx_hal.o(.data)
    uwTick                                   0x20008698   Data           4  stm32f4xx_hal.o(.data)
    SystemCoreClock                          0x2000869c   Data           4  system_stm32f4xx.o(.data)
    net_eth0_igmp_control                    0x200086ae   Data           4  net_igmp.o(.data)
    net_eth0_icmp_control                    0x200086bc   Data           1  net_icmp.o(.data)
    osRtxInfo                                0x200086e0   Data         164  rtx_kernel.o(.data.os)
    adchandle                                0x200087d4   Data          72  http_server.o(.bss)
    app_main_stk                             0x20008820   Data        1024  http_server.o(.bss)
    buffer                                   0x20008c58   Data         512  lcd.o(.bss)
    net_eth0_if_control                      0x2000ef38   Data         160  net_eth.o(.bss)
    net_eth0_arp_control                     0x2000efd8   Data          24  net_arp.o(.bss)
    net_http_control                         0x2000f090   Data          20  net_http_server.o(.bss)
    net_ping_control                         0x2000f0a4   Data          44  net_ping_core.o(.bss)
    net_sys_control                          0x2000f0e0   Data          28  net_sys.o(.bss)
    net_dbg_buf                              0x2000f108   Data          36  net_sys.o(.bss)
    __initial_sp                             0x2000f5a0   Data           0  startup_stm32f429xx.o(STACK)



==============================================================================

Memory Map of the image

  Image Entry point : 0x080001ad

  Load Region LR_IROM1 (Base: 0x08000000, Size: 0x00023fa8, Max: 0x00200000, ABSOLUTE, COMPRESSED[0x0001b95c])

    Execution Region ER_IROM1 (Exec base: 0x08000000, Load base: 0x08000000, Size: 0x0001b824, Max: 0x00200000, ABSOLUTE)

    Exec Addr    Load Addr    Size         Type   Attr      Idx    E Section Name        Object

    0x08000000   0x08000000   0x000001ac   Data   RO         1385    RESET               startup_stm32f429xx.o
    0x080001ac   0x080001ac   0x00000000   Code   RO         2525  * .ARM.Collect$$$$00000000  mc_w.l(entry.o)
    0x080001ac   0x080001ac   0x00000004   Code   RO         2817    .ARM.Collect$$$$00000001  mc_w.l(entry2.o)
    0x080001b0   0x080001b0   0x00000004   Code   RO         2820    .ARM.Collect$$$$00000004  mc_w.l(entry5.o)
    0x080001b4   0x080001b4   0x00000000   Code   RO         2822    .ARM.Collect$$$$00000008  mc_w.l(entry7b.o)
    0x080001b4   0x080001b4   0x00000000   Code   RO         2824    .ARM.Collect$$$$0000000A  mc_w.l(entry8b.o)
    0x080001b4   0x080001b4   0x00000008   Code   RO         2825    .ARM.Collect$$$$0000000B  mc_w.l(entry9a.o)
    0x080001bc   0x080001bc   0x00000004   Code   RO         2832    .ARM.Collect$$$$0000000E  mc_w.l(entry12b.o)
    0x080001c0   0x080001c0   0x00000000   Code   RO         2827    .ARM.Collect$$$$0000000F  mc_w.l(entry10a.o)
    0x080001c0   0x080001c0   0x00000000   Code   RO         2829    .ARM.Collect$$$$00000011  mc_w.l(entry11a.o)
    0x080001c0   0x080001c0   0x00000004   Code   RO         2818    .ARM.Collect$$$$00002712  mc_w.l(entry2.o)
    0x080001c4   0x080001c4   0x00000148   Code   RO          622    .emb_text           rtx_mempool.o
    0x0800030c   0x0800030c   0x00000148   Code   RO          653    .emb_text           rtx_msgqueue.o
    0x08000454   0x08000454   0x00000148   Code   RO          718    .emb_text           rtx_semaphore.o
    0x0800059c   0x0800059c   0x00000148   Code   RO          749    .emb_text           rtx_system.o
    0x080006e4   0x080006e4   0x00000148   Code   RO          783    .emb_text           rtx_thread.o
    0x0800082c   0x0800082c   0x00000074   Code   RO         1004    .emb_text           eventrecorder.o
    0x080008a0   0x080008a0   0x00000110   Code   RO            4    .text               main.o
    0x080009b0   0x080009b0   0x00000178   Code   RO          138    .text               http_server.o
    0x08000b28   0x08000b28   0x00000720   Code   RO          204    .text               http_server_cgi.o
    0x08001248   0x08001248   0x00000078   Code   RO          227    .text               web.o
    0x080012c0   0x080012c0   0x00000324   Code   RO          247    .text               lcd.o
    0x080015e4   0x080015e4   0x000000e4   Code   RO          290    .text               adc.o
    0x080016c8   0x080016c8   0x000000a4   Code   RO          314    .text               buttons_nucleo_f429zi.o
    0x0800176c   0x0800176c   0x000000ec   Code   RO          340    .text               led_nucleo_f429zi.o
    0x08001858   0x08001858   0x00000094   Code   RO          364    .text               irq_armv7m.o
    0x080018ec   0x080018ec   0x00000104   Code   RO          372    .text               rtx_delay.o
    0x080019f0   0x080019f0   0x00000958   Code   RO          470    .text               rtx_evr.o
    0x08002348   0x08002348   0x000006cc   Code   RO          495    .text               rtx_kernel.o
    0x08002a14   0x08002a14   0x00000018   Code   RO          543    .text               rtx_lib.o
    0x08002a2c   0x08002a2c   0x00000124   Code   RO          592    .text               rtx_memory.o
    0x08002b50   0x08002b50   0x00000678   Code   RO          623    .text               rtx_mempool.o
    0x080031c8   0x080031c8   0x000009bc   Code   RO          654    .text               rtx_msgqueue.o
    0x08003b84   0x08003b84   0x00000558   Code   RO          688    .text               rtx_mutex.o
    0x080040dc   0x080040dc   0x00000450   Code   RO          719    .text               rtx_semaphore.o
    0x0800452c   0x0800452c   0x00000154   Code   RO          750    .text               rtx_system.o
    0x08004680   0x08004680   0x000011d4   Code   RO          784    .text               rtx_thread.o
    0x08005854   0x08005854   0x00000480   Code   RO          818    .text               rtx_timer.o
    0x08005cd4   0x08005cd4   0x000000c4   Code   RO          848    .text               os_systick.o
    0x08005d98   0x08005d98   0x00000004   Code   RO          874    .text               rtx_config.o
    0x08005d9c   0x08005d9c   0x000001ac   Code   RO          895    .text               phy_lan8742a.o
    0x08005f48   0x08005f48   0x000009e8   Code   RO          923    .text               emac_stm32f4xx.o
    0x08006930   0x08006930   0x00000c5c   Code   RO          965    .text               spi_stm32f4xx.o
    0x0800758c   0x0800758c   0x00000538   Code   RO         1005    .text               eventrecorder.o
    0x08007ac4   0x08007ac4   0x000001c8   Code   RO         1039    .text               stm32f4xx_hal.o
    0x08007c8c   0x08007c8c   0x00000ab8   Code   RO         1069    .text               stm32f4xx_hal_adc.o
    0x08008744   0x08008744   0x00000724   Code   RO         1093    .text               stm32f4xx_hal_adc_ex.o
    0x08008e68   0x08008e68   0x00000298   Code   RO         1117    .text               stm32f4xx_hal_cortex.o
    0x08009100   0x08009100   0x00000718   Code   RO         1145    .text               stm32f4xx_hal_dma.o
    0x08009818   0x08009818   0x00000364   Code   RO         1194    .text               stm32f4xx_hal_gpio.o
    0x08009b7c   0x08009b7c   0x00000760   Code   RO         1266    .text               stm32f4xx_hal_rcc.o
    0x0800a2dc   0x0800a2dc   0x00000024   Code   RO         1386    .text               startup_stm32f429xx.o
    0x0800a300   0x0800a300   0x00000094   Code   RO         1393    .text               system_stm32f4xx.o
    0x0800a394   0x0800a394   0x00000168   Code   RO         1422    .text               net_config.o
    0x0800a4fc   0x0800a4fc   0x00000152   Code   RO         1512    .text               net_debug.o
    0x0800a64e   0x0800a64e   0x00000062   Code   RO         2528    .text               mc_w.l(uldiv.o)
    0x0800a6b0   0x0800a6b0   0x00000024   Code   RO         2530    .text               mc_w.l(memcpya.o)
    0x0800a6d4   0x0800a6d4   0x00000024   Code   RO         2532    .text               mc_w.l(memseta.o)
    0x0800a6f8   0x0800a6f8   0x0000000e   Code   RO         2534    .text               mc_w.l(strlen.o)
    0x0800a706   0x0800a706   0x0000001c   Code   RO         2536    .text               mc_w.l(strcmp.o)
    0x0800a722   0x0800a722   0x0000001a   Code   RO         2538    .text               mc_w.l(memcmp.o)
    0x0800a73c   0x0800a73c   0x00000012   Code   RO         2540    .text               mc_w.l(strcpy.o)
    0x0800a74e   0x0800a74e   0x0000001e   Code   RO         2542    .text               mc_w.l(strncmp.o)
    0x0800a76c   0x0800a76c   0x00000064   Code   RO         2807    .text               mf_w.l(fmul.o)
    0x0800a7d0   0x0800a7d0   0x0000002e   Code   RO         2809    .text               mf_w.l(dscalb.o)
    0x0800a7fe   0x0800a7fe   0x0000000a   Code   RO         2811    .text               mf_w.l(ffltui.o)
    0x0800a808   0x0800a808   0x00000032   Code   RO         2813    .text               mf_w.l(ffixi.o)
    0x0800a83a   0x0800a83a   0x00000026   Code   RO         2815    .text               mf_w.l(f2d.o)
    0x0800a860   0x0800a860   0x0000002c   Code   RO         2836    .text               mc_w.l(uidiv.o)
    0x0800a88c   0x0800a88c   0x0000001e   Code   RO         2838    .text               mc_w.l(llshl.o)
    0x0800a8aa   0x0800a8aa   0x00000020   Code   RO         2840    .text               mc_w.l(llushr.o)
    0x0800a8ca   0x0800a8ca   0x00000000   Code   RO         2842    .text               mc_w.l(iusefp.o)
    0x0800a8ca   0x0800a8ca   0x0000006e   Code   RO         2843    .text               mf_w.l(fepilogue.o)
    0x0800a938   0x0800a938   0x0000014e   Code   RO         2845    .text               mf_w.l(dadd.o)
    0x0800aa86   0x0800aa86   0x000000e4   Code   RO         2847    .text               mf_w.l(dmul.o)
    0x0800ab6a   0x0800ab6a   0x000000de   Code   RO         2849    .text               mf_w.l(ddiv.o)
    0x0800ac48   0x0800ac48   0x00000030   Code   RO         2851    .text               mf_w.l(dfixul.o)
    0x0800ac78   0x0800ac78   0x00000030   Code   RO         2853    .text               mf_w.l(cdrcmple.o)
    0x0800aca8   0x0800aca8   0x00000024   Code   RO         2855    .text               mc_w.l(init.o)
    0x0800accc   0x0800accc   0x00000024   Code   RO         2858    .text               mc_w.l(llsshr.o)
    0x0800acf0   0x0800acf0   0x000000ba   Code   RO         2861    .text               mf_w.l(depilogue.o)
    0x0800adaa   0x0800adaa   0x00000056   Code   RO         2870    .text               mc_w.l(__dczerorl2.o)
    0x0800ae00   0x0800ae00   0x00000028   Code   RO         2781    i.__0sprintf        mc_w.l(printfa.o)
    0x0800ae28   0x0800ae28   0x0000000e   Code   RO         2864    i.__scatterload_copy  mc_w.l(handlers.o)
    0x0800ae36   0x0800ae36   0x00000002   Code   RO         2865    i.__scatterload_null  mc_w.l(handlers.o)
    0x0800ae38   0x0800ae38   0x0000000e   Code   RO         2866    i.__scatterload_zeroinit  mc_w.l(handlers.o)
    0x0800ae46   0x0800ae46   0x00000002   PAD
    0x0800ae48   0x0800ae48   0x00000184   Code   RO         2786    i._fp_digits        mc_w.l(printfa.o)
    0x0800afcc   0x0800afcc   0x000006b4   Code   RO         2787    i._printf_core      mc_w.l(printfa.o)
    0x0800b680   0x0800b680   0x00000024   Code   RO         2788    i._printf_post_padding  mc_w.l(printfa.o)
    0x0800b6a4   0x0800b6a4   0x0000002e   Code   RO         2789    i._printf_pre_padding  mc_w.l(printfa.o)
    0x0800b6d2   0x0800b6d2   0x0000000a   Code   RO         2791    i._sputc            mc_w.l(printfa.o)
    0x0800b6dc   0x0800b6dc   0x00000054   Code   RO         1951    i.add_server_id     Net_Dbg_CM3_L.lib(net_http_server.o)
    0x0800b730   0x0800b730   0x0000005c   Code   RO         1598    i.arp_cache_alloc   Net_Dbg_CM3_L.lib(net_arp.o)
    0x0800b78c   0x0800b78c   0x00000170   Code   RO         1599    i.arp_cache_run     Net_Dbg_CM3_L.lib(net_arp.o)
    0x0800b8fc   0x0800b8fc   0x00000038   Code   RO         1600    i.arp_is_cacheable  Net_Dbg_CM3_L.lib(net_arp.o)
    0x0800b934   0x0800b934   0x00000088   Code   RO         1601    i.arp_probe_run     Net_Dbg_CM3_L.lib(net_arp.o)
    0x0800b9bc   0x0800b9bc   0x000000d8   Code   RO         1603    i.arp_proc_response  Net_Dbg_CM3_L.lib(net_arp.o)
    0x0800ba94   0x0800ba94   0x0000001a   Code   RO         1604    i.arp_que_free      Net_Dbg_CM3_L.lib(net_arp.o)
    0x0800baae   0x0800baae   0x00000002   PAD
    0x0800bab0   0x0800bab0   0x000000a0   Code   RO         1605    i.arp_send_reply    Net_Dbg_CM3_L.lib(net_arp.o)
    0x0800bb50   0x0800bb50   0x000000d0   Code   RO         1606    i.arp_send_request  Net_Dbg_CM3_L.lib(net_arp.o)
    0x0800bc20   0x0800bc20   0x00000068   Code   RO         1607    i.arp_sender_valid  Net_Dbg_CM3_L.lib(net_arp.o)
    0x0800bc88   0x0800bc88   0x0000018c   Code   RO         1952    i.chk_post_req      Net_Dbg_CM3_L.lib(net_http_server.o)
    0x0800be14   0x0800be14   0x00000028   Code   RO         2439    i.crc32_8bit        Net_Dbg_CM3_L.lib(net_common.o)
    0x0800be3c   0x0800be3c   0x0000009a   Code   RO         1542    i.eth_check_link    Net_Dbg_CM3_L.lib(net_eth.o)
    0x0800bed6   0x0800bed6   0x00000002   PAD
    0x0800bed8   0x0800bed8   0x00000020   Code   RO         1543    i.eth_if_map        Net_Dbg_CM3_L.lib(net_eth.o)
    0x0800bef8   0x0800bef8   0x00000304   Code   RO         1544    i.eth_iface_init    Net_Dbg_CM3_L.lib(net_eth.o)
    0x0800c1fc   0x0800c1fc   0x00000290   Code   RO         1545    i.eth_iface_run     Net_Dbg_CM3_L.lib(net_eth.o)
    0x0800c48c   0x0800c48c   0x00000008   Code   RO         1547    i.eth_lock          Net_Dbg_CM3_L.lib(net_eth.o)
    0x0800c494   0x0800c494   0x0000001c   Code   RO         1548    i.eth_mtu_limit     Net_Dbg_CM3_L.lib(net_eth.o)
    0x0800c4b0   0x0800c4b0   0x00000048   Code   RO         1549    i.eth_opt_len       Net_Dbg_CM3_L.lib(net_eth.o)
    0x0800c4f8   0x0800c4f8   0x00000088   Code   RO         1550    i.eth_receive       Net_Dbg_CM3_L.lib(net_eth.o)
    0x0800c580   0x0800c580   0x00000008   Code   RO         1551    i.eth_unlock        Net_Dbg_CM3_L.lib(net_eth.o)
    0x0800c588   0x0800c588   0x0000007c   Code   RO         1715    i.frag_map_session  Net_Dbg_CM3_L.lib(net_ip4_frag.o)
    0x0800c604   0x0800c604   0x00000028   Code   RO         1953    i.get_next_field    Net_Dbg_CM3_L.lib(net_http_server.o)
    0x0800c62c   0x0800c62c   0x00000032   Code   RO         1954    i.get_next_par      Net_Dbg_CM3_L.lib(net_http_server.o)
    0x0800c65e   0x0800c65e   0x00000022   Code   RO         1955    i.hex2byte          Net_Dbg_CM3_L.lib(net_http_server.o)
    0x0800c680   0x0800c680   0x0000036c   Code   RO         1956    i.http_add_header   Net_Dbg_CM3_L.lib(net_http_server.o)
    0x0800c9ec   0x0800c9ec   0x00000050   Code   RO         2076    i.http_auth_basic_add  Net_Dbg_CM3_L.lib(net_http_server_auth.o)
    0x0800ca3c   0x0800ca3c   0x00000090   Code   RO         2077    i.http_auth_basic_parse  Net_Dbg_CM3_L.lib(net_http_server_auth.o)
    0x0800cacc   0x0800cacc   0x00000002   Code   RO         2083    i.http_auth_dummy   Net_Dbg_CM3_L.lib(net_http_server_auth.o)
    0x0800cace   0x0800cace   0x00000002   PAD
    0x0800cad0   0x0800cad0   0x00000024   Code   RO         2084    i.http_auth_init    Net_Dbg_CM3_L.lib(net_http_server_auth.o)
    0x0800caf4   0x0800caf4   0x000001cc   Code   RO         1957    i.http_error_msg    Net_Dbg_CM3_L.lib(net_http_server.o)
    0x0800ccc0   0x0800ccc0   0x00000078   Code   RO         1958    i.http_get_ftype    Net_Dbg_CM3_L.lib(net_http_server.o)
    0x0800cd38   0x0800cd38   0x0000005e   Code   RO         1959    i.http_kill_session  Net_Dbg_CM3_L.lib(net_http_server.o)
    0x0800cd96   0x0800cd96   0x00000002   PAD
    0x0800cd98   0x0800cd98   0x000002a8   Code   RO         1960    i.http_listener     Net_Dbg_CM3_L.lib(net_http_server.o)
    0x0800d040   0x0800d040   0x00000184   Code   RO         1961    i.http_open_file    Net_Dbg_CM3_L.lib(net_http_server.o)
    0x0800d1c4   0x0800d1c4   0x0000011c   Code   RO         1962    i.http_parse_header  Net_Dbg_CM3_L.lib(net_http_server.o)
    0x0800d2e0   0x0800d2e0   0x000001a8   Code   RO         1963    i.http_proc_multipart  Net_Dbg_CM3_L.lib(net_http_server.o)
    0x0800d488   0x0800d488   0x00000138   Code   RO         1964    i.http_proc_post    Net_Dbg_CM3_L.lib(net_http_server.o)
    0x0800d5c0   0x0800d5c0   0x00000468   Code   RO         1965    i.http_server_run   Net_Dbg_CM3_L.lib(net_http_server.o)
    0x0800da28   0x0800da28   0x00000060   Code   RO         1966    i.http_server_start  Net_Dbg_CM3_L.lib(net_http_server.o)
    0x0800da88   0x0800da88   0x00000020   Code   RO         1968    i.http_strcpy       Net_Dbg_CM3_L.lib(net_http_server.o)
    0x0800daa8   0x0800daa8   0x000000ac   Code   RO         1969    i.http_to_utc       Net_Dbg_CM3_L.lib(net_http_server.o)
    0x0800db54   0x0800db54   0x0000001a   Code   RO         2440    i.i2str             Net_Dbg_CM3_L.lib(net_common.o)
    0x0800db6e   0x0800db6e   0x00000002   PAD
    0x0800db70   0x0800db70   0x0000009c   Code   RO         1665    i.igmp_host_run     Net_Dbg_CM3_L.lib(net_igmp.o)
    0x0800dc0c   0x0800dc0c   0x00000024   Code   RO         1666    i.igmp_map_group    Net_Dbg_CM3_L.lib(net_igmp.o)
    0x0800dc30   0x0800dc30   0x00000070   Code   RO         1667    i.igmp_send_report  Net_Dbg_CM3_L.lib(net_igmp.o)
    0x0800dca0   0x0800dca0   0x0000000c   Code   RO         2317    i.ip4_get_chksum    Net_Dbg_CM3_L.lib(net_ip4.o)
    0x0800dcac   0x0800dcac   0x00000028   Code   RO         2318    i.ip4_get_mtu       Net_Dbg_CM3_L.lib(net_ip4.o)
    0x0800dcd4   0x0800dcd4   0x00000040   Code   RO         2180    i.ip4_ntoa          Net_Dbg_CM3_L.lib(net_addr.o)
    0x0800dd14   0x0800dd14   0x000000ca   Code   RO         2181    i.ip6_ntoa          Net_Dbg_CM3_L.lib(net_addr.o)
    0x0800ddde   0x0800ddde   0x00000002   PAD
    0x0800dde0   0x0800dde0   0x0000000c   Code   RO         2416    i.mem_lock          Net_Dbg_CM3_L.lib(net_mem.o)
    0x0800ddec   0x0800ddec   0x0000000c   Code   RO         2417    i.mem_unlock        Net_Dbg_CM3_L.lib(net_mem.o)
    0x0800ddf8   0x0800ddf8   0x000001a4   Code   RO         1937    i.nbns_listener     Net_Dbg_CM3_L.lib(net_nbns_client.o)
    0x0800df9c   0x0800df9c   0x00000120   Code   RO         2247    i.ndp_cache_add     Net_Dbg_CM3_L.lib(net_ndp.o)
    0x0800e0bc   0x0800e0bc   0x00000072   Code   RO         2248    i.ndp_cache_alloc   Net_Dbg_CM3_L.lib(net_ndp.o)
    0x0800e12e   0x0800e12e   0x00000002   PAD
    0x0800e130   0x0800e130   0x00000078   Code   RO         2249    i.ndp_cache_delete  Net_Dbg_CM3_L.lib(net_ndp.o)
    0x0800e1a8   0x0800e1a8   0x0000002c   Code   RO         2251    i.ndp_check_frame   Net_Dbg_CM3_L.lib(net_ndp.o)
    0x0800e1d4   0x0800e1d4   0x00000012   Code   RO         2252    i.ndp_next_opt      Net_Dbg_CM3_L.lib(net_ndp.o)
    0x0800e1e6   0x0800e1e6   0x00000002   PAD
    0x0800e1e8   0x0800e1e8   0x000000e4   Code   RO         2253    i.ndp_prefix_add    Net_Dbg_CM3_L.lib(net_ndp.o)
    0x0800e2cc   0x0800e2cc   0x000000fc   Code   RO         2256    i.ndp_proc_response  Net_Dbg_CM3_L.lib(net_ndp.o)
    0x0800e3c8   0x0800e3c8   0x0000001a   Code   RO         2257    i.ndp_que_free      Net_Dbg_CM3_L.lib(net_ndp.o)
    0x0800e3e2   0x0800e3e2   0x00000002   PAD
    0x0800e3e4   0x0800e3e4   0x00000038   Code   RO         2258    i.ndp_router_remove  Net_Dbg_CM3_L.lib(net_ndp.o)
    0x0800e41c   0x0800e41c   0x0000009c   Code   RO         2259    i.ndp_send_reply    Net_Dbg_CM3_L.lib(net_ndp.o)
    0x0800e4b8   0x0800e4b8   0x000000bc   Code   RO         2260    i.ndp_send_request  Net_Dbg_CM3_L.lib(net_ndp.o)
    0x0800e574   0x0800e574   0x00000004   Code   RO         1970    i.netCGI_Charset    Net_Dbg_CM3_L.lib(net_http_server.o)
    0x0800e578   0x0800e578   0x00000004   Code   RO         1971    i.netCGI_ContentType  Net_Dbg_CM3_L.lib(net_http_server.o)
    0x0800e57c   0x0800e57c   0x00000004   Code   RO         1972    i.netCGI_CustomHeader  Net_Dbg_CM3_L.lib(net_http_server.o)
    0x0800e580   0x0800e580   0x0000006c   Code   RO         1973    i.netCGI_GetEnvVar  Net_Dbg_CM3_L.lib(net_http_server.o)
    0x0800e5ec   0x0800e5ec   0x00000004   Code   RO         1976    i.netCGI_Redirect   Net_Dbg_CM3_L.lib(net_http_server.o)
    0x0800e5f0   0x0800e5f0   0x00000004   Code   RO         1978    i.netCGX_ContentType  Net_Dbg_CM3_L.lib(net_http_server.o)
    0x0800e5f4   0x0800e5f4   0x00000064   Code   RO         2130    i.netCore_Thread    Net_Dbg_CM3_L.lib(net_sys.o)
    0x0800e658   0x0800e658   0x00000002   Code   RO         1552    i.netETH_Notify     Net_Dbg_CM3_L.lib(net_eth.o)
    0x0800e65a   0x0800e65a   0x00000002   Code   RO         1553    i.netETH_ReceiveRaw  Net_Dbg_CM3_L.lib(net_eth.o)
    0x0800e65c   0x0800e65c   0x00000072   Code   RO         1555    i.netETH_Thread     Net_Dbg_CM3_L.lib(net_eth.o)
    0x0800e6ce   0x0800e6ce   0x00000004   Code   RO         1979    i.netHTTPs_AcceptClient  Net_Dbg_CM3_L.lib(net_http_server.o)
    0x0800e6d2   0x0800e6d2   0x00000004   Code   RO         2085    i.netHTTPs_CheckAccount  Net_Dbg_CM3_L.lib(net_http_server_auth.o)
    0x0800e6d6   0x0800e6d6   0x00000004   Code   RO         1981    i.netHTTPs_FileAccess  Net_Dbg_CM3_L.lib(net_http_server.o)
    0x0800e6da   0x0800e6da   0x00000002   PAD
    0x0800e6dc   0x0800e6dc   0x00000020   Code   RO         1984    i.netHTTPs_GetLanguage  Net_Dbg_CM3_L.lib(net_http_server.o)
    0x0800e6fc   0x0800e6fc   0x0000000c   Code   RO         1985    i.netHTTPs_GetPassword  Net_Dbg_CM3_L.lib(net_http_server.o)
    0x0800e708   0x0800e708   0x0000000c   Code   RO         1991    i.netHTTPs_LoginActive  Net_Dbg_CM3_L.lib(net_http_server.o)
    0x0800e714   0x0800e714   0x00000058   Code   RO         1994    i.netHTTPs_SetPassword  Net_Dbg_CM3_L.lib(net_http_server.o)
    0x0800e76c   0x0800e76c   0x00000088   Code   RO         2131    i.netIF_GetOption   Net_Dbg_CM3_L.lib(net_sys.o)
    0x0800e7f4   0x0800e7f4   0x00000084   Code   RO         2133    i.netIF_SetOption   Net_Dbg_CM3_L.lib(net_sys.o)
    0x0800e878   0x0800e878   0x0000001a   Code   RO         2183    i.netIP_aton        Net_Dbg_CM3_L.lib(net_addr.o)
    0x0800e892   0x0800e892   0x00000032   Code   RO         2184    i.netIP_ntoa        Net_Dbg_CM3_L.lib(net_addr.o)
    0x0800e8c4   0x0800e8c4   0x000000ac   Code   RO         2134    i.netInitialize     Net_Dbg_CM3_L.lib(net_sys.o)
    0x0800e970   0x0800e970   0x0000008c   Code   RO         2185    i.netMAC_aton       Net_Dbg_CM3_L.lib(net_addr.o)
    0x0800e9fc   0x0800e9fc   0x00000004   Code   RO         1818    i.netTCP_GetLocalPort  Net_Dbg_CM3_L.lib(net_tcp.o)
    0x0800ea00   0x0800ea00   0x00000020   Code   RO         1820    i.netTCP_GetPeer    Net_Dbg_CM3_L.lib(net_tcp.o)
    0x0800ea20   0x0800ea20   0x00000004   Code   RO         1822    i.netTCP_GetState   Net_Dbg_CM3_L.lib(net_tcp.o)
    0x0800ea24   0x0800ea24   0x00000004   Code   RO         1823    i.netTCP_GetTimer   Net_Dbg_CM3_L.lib(net_tcp.o)
    0x0800ea28   0x0800ea28   0x0000007c   Code   RO         2187    i.net_addr4_aton    Net_Dbg_CM3_L.lib(net_addr.o)
    0x0800eaa4   0x0800eaa4   0x0000001e   Code   RO         2189    i.net_addr4_to_mac  Net_Dbg_CM3_L.lib(net_addr.o)
    0x0800eac2   0x0800eac2   0x00000002   PAD
    0x0800eac4   0x0800eac4   0x000000e6   Code   RO         2190    i.net_addr6_aton    Net_Dbg_CM3_L.lib(net_addr.o)
    0x0800ebaa   0x0800ebaa   0x00000028   Code   RO         2191    i.net_addr6_comp    Net_Dbg_CM3_L.lib(net_addr.o)
    0x0800ebd2   0x0800ebd2   0x00000012   Code   RO         2192    i.net_addr6_copy    Net_Dbg_CM3_L.lib(net_addr.o)
    0x0800ebe4   0x0800ebe4   0x0000004c   Code   RO         2193    i.net_addr6_create  Net_Dbg_CM3_L.lib(net_addr.o)
    0x0800ec30   0x0800ec30   0x00000028   Code   RO         2194    i.net_addr6_get_solicited  Net_Dbg_CM3_L.lib(net_addr.o)
    0x0800ec58   0x0800ec58   0x00000018   Code   RO         2195    i.net_addr6_is_linklocal  Net_Dbg_CM3_L.lib(net_addr.o)
    0x0800ec70   0x0800ec70   0x0000006e   Code   RO         2196    i.net_addr6_is_onlink  Net_Dbg_CM3_L.lib(net_addr.o)
    0x0800ecde   0x0800ecde   0x00000048   Code   RO         2197    i.net_addr6_is_solicited  Net_Dbg_CM3_L.lib(net_addr.o)
    0x0800ed26   0x0800ed26   0x00000018   Code   RO         2198    i.net_addr6_is_unspec  Net_Dbg_CM3_L.lib(net_addr.o)
    0x0800ed3e   0x0800ed3e   0x0000000e   Code   RO         2200    i.net_addr6_to_mac  Net_Dbg_CM3_L.lib(net_addr.o)
    0x0800ed4c   0x0800ed4c   0x00000026   Code   RO         2202    i.net_addr_copy     Net_Dbg_CM3_L.lib(net_addr.o)
    0x0800ed72   0x0800ed72   0x0000001a   Code   RO         2203    i.net_addr_find_route  Net_Dbg_CM3_L.lib(net_addr.o)
    0x0800ed8c   0x0800ed8c   0x00000020   Code   RO         2205    i.net_addr_get_local  Net_Dbg_CM3_L.lib(net_addr.o)
    0x0800edac   0x0800edac   0x00000022   Code   RO         2206    i.net_addr_is_unspec  Net_Dbg_CM3_L.lib(net_addr.o)
    0x0800edce   0x0800edce   0x00000002   PAD
    0x0800edd0   0x0800edd0   0x0000011c   Code   RO         1615    i.net_arp_cache_add  Net_Dbg_CM3_L.lib(net_arp.o)
    0x0800eeec   0x0800eeec   0x000000bc   Code   RO         1616    i.net_arp_cache_early  Net_Dbg_CM3_L.lib(net_arp.o)
    0x0800efa8   0x0800efa8   0x000000ec   Code   RO         1617    i.net_arp_cache_find  Net_Dbg_CM3_L.lib(net_arp.o)
    0x0800f094   0x0800f094   0x00000048   Code   RO         1618    i.net_arp_cache_init  Net_Dbg_CM3_L.lib(net_arp.o)
    0x0800f0dc   0x0800f0dc   0x0000001c   Code   RO         1619    i.net_arp_cache_run  Net_Dbg_CM3_L.lib(net_arp.o)
    0x0800f0f8   0x0800f0f8   0x00000078   Code   RO         1621    i.net_arp_enqueue   Net_Dbg_CM3_L.lib(net_arp.o)
    0x0800f170   0x0800f170   0x00000020   Code   RO         1623    i.net_arp_notify    Net_Dbg_CM3_L.lib(net_arp.o)
    0x0800f190   0x0800f190   0x00000224   Code   RO         1625    i.net_arp_process   Net_Dbg_CM3_L.lib(net_arp.o)
    0x0800f3b4   0x0800f3b4   0x00000042   Code   RO         2441    i.net_atoi          Net_Dbg_CM3_L.lib(net_common.o)
    0x0800f3f6   0x0800f3f6   0x00000002   PAD
    0x0800f3f8   0x0800f3f8   0x00000078   Code   RO         2507    i.net_base64_decode  Net_Dbg_CM3_L.lib(net_base64.o)
    0x0800f470   0x0800f470   0x00000030   Code   RO         2443    i.net_chksum_buf    Net_Dbg_CM3_L.lib(net_common.o)
    0x0800f4a0   0x0800f4a0   0x0000001e   Code   RO         2444    i.net_crc_buf       Net_Dbg_CM3_L.lib(net_common.o)
    0x0800f4be   0x0800f4be   0x0000000e   Code   RO         1556    i.net_eth_callback  Net_Dbg_CM3_L.lib(net_eth.o)
    0x0800f4cc   0x0800f4cc   0x00000068   Code   RO         1557    i.net_eth_config_mcast  Net_Dbg_CM3_L.lib(net_eth.o)
    0x0800f534   0x0800f534   0x000000ea   Code   RO         1559    i.net_eth_get_option  Net_Dbg_CM3_L.lib(net_eth.o)
    0x0800f61e   0x0800f61e   0x00000002   PAD
    0x0800f620   0x0800f620   0x0000001c   Code   RO         1560    i.net_eth_iface_init  Net_Dbg_CM3_L.lib(net_eth.o)
    0x0800f63c   0x0800f63c   0x0000001c   Code   RO         1561    i.net_eth_iface_run  Net_Dbg_CM3_L.lib(net_eth.o)
    0x0800f658   0x0800f658   0x000000a8   Code   RO         1563    i.net_eth_output    Net_Dbg_CM3_L.lib(net_eth.o)
    0x0800f700   0x0800f700   0x000001e0   Code   RO         1564    i.net_eth_send_frame  Net_Dbg_CM3_L.lib(net_eth.o)
    0x0800f8e0   0x0800f8e0   0x00000270   Code   RO         1565    i.net_eth_set_option  Net_Dbg_CM3_L.lib(net_eth.o)
    0x0800fb50   0x0800fb50   0x000000e8   Code   RO         2000    i.net_http_server_init  Net_Dbg_CM3_L.lib(net_http_server.o)
    0x0800fc38   0x0800fc38   0x00000028   Code   RO         2001    i.net_http_server_run  Net_Dbg_CM3_L.lib(net_http_server.o)
    0x0800fc60   0x0800fc60   0x00000018   Code   RO         2389    i.net_icmp6_init    Net_Dbg_CM3_L.lib(net_icmp6.o)
    0x0800fc78   0x0800fc78   0x00000238   Code   RO         2390    i.net_icmp6_process  Net_Dbg_CM3_L.lib(net_icmp6.o)
    0x0800feb0   0x0800feb0   0x00000084   Code   RO         2391    i.net_icmp6_send    Net_Dbg_CM3_L.lib(net_icmp6.o)
    0x0800ff34   0x0800ff34   0x00000058   Code   RO         2392    i.net_icmp6_send_echo  Net_Dbg_CM3_L.lib(net_icmp6.o)
    0x0800ff8c   0x0800ff8c   0x00000018   Code   RO         1737    i.net_icmp_init     Net_Dbg_CM3_L.lib(net_icmp.o)
    0x0800ffa4   0x0800ffa4   0x000001c8   Code   RO         1738    i.net_icmp_process  Net_Dbg_CM3_L.lib(net_icmp.o)
    0x0801016c   0x0801016c   0x000000a0   Code   RO         1739    i.net_icmp_send_echo  Net_Dbg_CM3_L.lib(net_icmp.o)
    0x0801020c   0x0801020c   0x0000000c   Code   RO         2138    i.net_if_map_all    Net_Dbg_CM3_L.lib(net_sys.o)
    0x08010218   0x08010218   0x0000006c   Code   RO         1670    i.net_igmp_collect_mcast  Net_Dbg_CM3_L.lib(net_igmp.o)
    0x08010284   0x08010284   0x00000048   Code   RO         1671    i.net_igmp_host_init  Net_Dbg_CM3_L.lib(net_igmp.o)
    0x080102cc   0x080102cc   0x0000001c   Code   RO         1672    i.net_igmp_host_run  Net_Dbg_CM3_L.lib(net_igmp.o)
    0x080102e8   0x080102e8   0x00000020   Code   RO         1674    i.net_igmp_is_member  Net_Dbg_CM3_L.lib(net_igmp.o)
    0x08010308   0x08010308   0x000001ac   Code   RO         1675    i.net_igmp_process  Net_Dbg_CM3_L.lib(net_igmp.o)
    0x080104b4   0x080104b4   0x0000018c   Code   RO         2319    i.net_ip4_chk_frame  Net_Dbg_CM3_L.lib(net_ip4.o)
    0x08010640   0x08010640   0x0000002c   Code   RO         2320    i.net_ip4_chksum    Net_Dbg_CM3_L.lib(net_ip4.o)
    0x0801066c   0x0801066c   0x00000006   Code   RO         2321    i.net_ip4_chksum_buf  Net_Dbg_CM3_L.lib(net_ip4.o)
    0x08010672   0x08010672   0x00000002   PAD
    0x08010674   0x08010674   0x00000080   Code   RO         2323    i.net_ip4_find_route  Net_Dbg_CM3_L.lib(net_ip4.o)
    0x080106f4   0x080106f4   0x00000124   Code   RO         1716    i.net_ip4_frag_add  Net_Dbg_CM3_L.lib(net_ip4_frag.o)
    0x08010818   0x08010818   0x000000ac   Code   RO         1717    i.net_ip4_frag_get  Net_Dbg_CM3_L.lib(net_ip4_frag.o)
    0x080108c4   0x080108c4   0x00000010   Code   RO         1718    i.net_ip4_frag_init  Net_Dbg_CM3_L.lib(net_ip4_frag.o)
    0x080108d4   0x080108d4   0x0000003c   Code   RO         1719    i.net_ip4_frag_run  Net_Dbg_CM3_L.lib(net_ip4_frag.o)
    0x08010910   0x08010910   0x0000002c   Code   RO         2324    i.net_ip4_get_local  Net_Dbg_CM3_L.lib(net_ip4.o)
    0x0801093c   0x0801093c   0x00000024   Code   RO         2325    i.net_ip4_init      Net_Dbg_CM3_L.lib(net_ip4.o)
    0x08010960   0x08010960   0x00000020   Code   RO         2326    i.net_ip4_is_onlink  Net_Dbg_CM3_L.lib(net_ip4.o)
    0x08010980   0x08010980   0x00000026   Code   RO         2327    i.net_ip4_is_subcast  Net_Dbg_CM3_L.lib(net_ip4.o)
    0x080109a6   0x080109a6   0x0000000e   Code   RO         2328    i.net_ip4_reass_frame  Net_Dbg_CM3_L.lib(net_ip4.o)
    0x080109b4   0x080109b4   0x00000164   Code   RO         2329    i.net_ip4_send_frame  Net_Dbg_CM3_L.lib(net_ip4.o)
    0x08010b18   0x08010b18   0x0000002a   Code   RO         2331    i.net_ip4_tx_offl_hl  Net_Dbg_CM3_L.lib(net_ip4.o)
    0x08010b42   0x08010b42   0x00000002   PAD
    0x08010b44   0x08010b44   0x00000100   Code   RO         2357    i.net_ip6_chk_frame  Net_Dbg_CM3_L.lib(net_ip6.o)
    0x08010c44   0x08010c44   0x00000032   Code   RO         2358    i.net_ip6_chksum    Net_Dbg_CM3_L.lib(net_ip6.o)
    0x08010c76   0x08010c76   0x00000002   PAD
    0x08010c78   0x08010c78   0x0000007c   Code   RO         2359    i.net_ip6_collect_mcast  Net_Dbg_CM3_L.lib(net_ip6.o)
    0x08010cf4   0x08010cf4   0x00000048   Code   RO         2361    i.net_ip6_find_route  Net_Dbg_CM3_L.lib(net_ip6.o)
    0x08010d3c   0x08010d3c   0x00000054   Code   RO         2362    i.net_ip6_get_local  Net_Dbg_CM3_L.lib(net_ip6.o)
    0x08010d90   0x08010d90   0x0000001c   Code   RO         2363    i.net_ip6_init      Net_Dbg_CM3_L.lib(net_ip6.o)
    0x08010dac   0x08010dac   0x000000cc   Code   RO         2364    i.net_ip6_send_frame  Net_Dbg_CM3_L.lib(net_ip6.o)
    0x08010e78   0x08010e78   0x0000001e   Code   RO         2366    i.net_ip6_tx_offl_hl  Net_Dbg_CM3_L.lib(net_ip6.o)
    0x08010e96   0x08010e96   0x00000008   Code   RO         2445    i.net_itoa          Net_Dbg_CM3_L.lib(net_common.o)
    0x08010e9e   0x08010e9e   0x00000006   Code   RO         2447    i.net_itoa_n0       Net_Dbg_CM3_L.lib(net_common.o)
    0x08010ea4   0x08010ea4   0x00000030   Code   RO         1698    i.net_loop_iface_init  Net_Dbg_CM3_L.lib(net_loopback.o)
    0x08010ed4   0x08010ed4   0x000000bc   Code   RO         1699    i.net_loop_iface_run  Net_Dbg_CM3_L.lib(net_loopback.o)
    0x08010f90   0x08010f90   0x00000070   Code   RO         1701    i.net_loop_send_frame  Net_Dbg_CM3_L.lib(net_loopback.o)
    0x08011000   0x08011000   0x000000c0   Code   RO         2418    i.net_mem_alloc     Net_Dbg_CM3_L.lib(net_mem.o)
    0x080110c0   0x080110c0   0x0000001c   Code   RO         2419    i.net_mem_avail     Net_Dbg_CM3_L.lib(net_mem.o)
    0x080110dc   0x080110dc   0x000000a4   Code   RO         2420    i.net_mem_free      Net_Dbg_CM3_L.lib(net_mem.o)
    0x08011180   0x08011180   0x00000070   Code   RO         2421    i.net_mem_init      Net_Dbg_CM3_L.lib(net_mem.o)
    0x080111f0   0x080111f0   0x00000048   Code   RO         2422    i.net_mem_shrink    Net_Dbg_CM3_L.lib(net_mem.o)
    0x08011238   0x08011238   0x00000064   Code   RO         1938    i.net_nbns_client_init  Net_Dbg_CM3_L.lib(net_nbns_client.o)
    0x0801129c   0x0801129c   0x000001c4   Code   RO         2268    i.net_ndp_cache_find  Net_Dbg_CM3_L.lib(net_ndp.o)
    0x08011460   0x08011460   0x00000078   Code   RO         2271    i.net_ndp_cache_refresh  Net_Dbg_CM3_L.lib(net_ndp.o)
    0x080114d8   0x080114d8   0x00000070   Code   RO         2274    i.net_ndp_enqueue   Net_Dbg_CM3_L.lib(net_ndp.o)
    0x08011548   0x08011548   0x00000374   Code   RO         2276    i.net_ndp_process   Net_Dbg_CM3_L.lib(net_ndp.o)
    0x080118bc   0x080118bc   0x00000038   Code   RO         2140    i.net_path          Net_Dbg_CM3_L.lib(net_sys.o)
    0x080118f4   0x080118f4   0x00000020   Code   RO         2111    i.net_ping_client_init  Net_Dbg_CM3_L.lib(net_ping_core.o)
    0x08011914   0x08011914   0x00000080   Code   RO         2112    i.net_ping_client_run  Net_Dbg_CM3_L.lib(net_ping_core.o)
    0x08011994   0x08011994   0x0000001c   Code   RO         2141    i.net_rand32        Net_Dbg_CM3_L.lib(net_sys.o)
    0x080119b0   0x080119b0   0x0000002e   Code   RO         2448    i.net_strcasecmp    Net_Dbg_CM3_L.lib(net_common.o)
    0x080119de   0x080119de   0x00000016   Code   RO         2449    i.net_strchr        Net_Dbg_CM3_L.lib(net_common.o)
    0x080119f4   0x080119f4   0x0000001a   Code   RO         2450    i.net_strcmp        Net_Dbg_CM3_L.lib(net_common.o)
    0x08011a0e   0x08011a0e   0x00000012   Code   RO         2451    i.net_strcpy        Net_Dbg_CM3_L.lib(net_common.o)
    0x08011a20   0x08011a20   0x0000001c   Code   RO         2453    i.net_strnchr       Net_Dbg_CM3_L.lib(net_common.o)
    0x08011a3c   0x08011a3c   0x0000001a   Code   RO         2454    i.net_strncpy       Net_Dbg_CM3_L.lib(net_common.o)
    0x08011a56   0x08011a56   0x00000020   Code   RO         2455    i.net_strtoupper    Net_Dbg_CM3_L.lib(net_common.o)
    0x08011a76   0x08011a76   0x00000002   PAD
    0x08011a78   0x08011a78   0x0000000c   Code   RO         2142    i.net_sys_lock      Net_Dbg_CM3_L.lib(net_sys.o)
    0x08011a84   0x08011a84   0x00000016   Code   RO         2143    i.net_sys_resume    Net_Dbg_CM3_L.lib(net_sys.o)
    0x08011a9a   0x08011a9a   0x00000002   PAD
    0x08011a9c   0x08011a9c   0x00000014   Code   RO         2145    i.net_sys_tick      Net_Dbg_CM3_L.lib(net_sys.o)
    0x08011ab0   0x08011ab0   0x0000000c   Code   RO         2146    i.net_sys_unlock    Net_Dbg_CM3_L.lib(net_sys.o)
    0x08011abc   0x08011abc   0x00000020   Code   RO         2148    i.net_sys_wakeup    Net_Dbg_CM3_L.lib(net_sys.o)
    0x08011adc   0x08011adc   0x00000084   Code   RO         1830    i.net_tcp_abort     Net_Dbg_CM3_L.lib(net_tcp.o)
    0x08011b60   0x08011b60   0x000000e4   Code   RO         1833    i.net_tcp_close     Net_Dbg_CM3_L.lib(net_tcp.o)
    0x08011c44   0x08011c44   0x0000002e   Code   RO         1836    i.net_tcp_get_buf   Net_Dbg_CM3_L.lib(net_tcp.o)
    0x08011c72   0x08011c72   0x00000002   PAD
    0x08011c74   0x08011c74   0x00000034   Code   RO         1838    i.net_tcp_get_local_port  Net_Dbg_CM3_L.lib(net_tcp.o)
    0x08011ca8   0x08011ca8   0x00000028   Code   RO         1839    i.net_tcp_get_mss   Net_Dbg_CM3_L.lib(net_tcp.o)
    0x08011cd0   0x08011cd0   0x00000054   Code   RO         1841    i.net_tcp_get_peer  Net_Dbg_CM3_L.lib(net_tcp.o)
    0x08011d24   0x08011d24   0x00000070   Code   RO         1843    i.net_tcp_get_socket  Net_Dbg_CM3_L.lib(net_tcp.o)
    0x08011d94   0x08011d94   0x0000002c   Code   RO         1844    i.net_tcp_get_state  Net_Dbg_CM3_L.lib(net_tcp.o)
    0x08011dc0   0x08011dc0   0x00000034   Code   RO         1845    i.net_tcp_get_timer  Net_Dbg_CM3_L.lib(net_tcp.o)
    0x08011df4   0x08011df4   0x000000b0   Code   RO         1846    i.net_tcp_listen    Net_Dbg_CM3_L.lib(net_tcp.o)
    0x08011ea4   0x08011ea4   0x000007a8   Code   RO         1848    i.net_tcp_process   Net_Dbg_CM3_L.lib(net_tcp.o)
    0x0801264c   0x0801264c   0x0000015c   Code   RO         1852    i.net_tcp_send      Net_Dbg_CM3_L.lib(net_tcp.o)
    0x080127a8   0x080127a8   0x0000012c   Code   RO         1854    i.net_tcp_set_option  Net_Dbg_CM3_L.lib(net_tcp.o)
    0x080128d4   0x080128d4   0x00000028   Code   RO         1855    i.net_tcp_socket_init  Net_Dbg_CM3_L.lib(net_tcp.o)
    0x080128fc   0x080128fc   0x000003c0   Code   RO         1856    i.net_tcp_socket_run  Net_Dbg_CM3_L.lib(net_tcp.o)
    0x08012cbc   0x08012cbc   0x0000002e   Code   RO         1767    i.net_udp_get_buf   Net_Dbg_CM3_L.lib(net_udp.o)
    0x08012cea   0x08012cea   0x00000002   PAD
    0x08012cec   0x08012cec   0x00000070   Code   RO         1770    i.net_udp_get_socket  Net_Dbg_CM3_L.lib(net_udp.o)
    0x08012d5c   0x08012d5c   0x000000ac   Code   RO         1772    i.net_udp_open      Net_Dbg_CM3_L.lib(net_udp.o)
    0x08012e08   0x08012e08   0x00000158   Code   RO         1773    i.net_udp_process   Net_Dbg_CM3_L.lib(net_udp.o)
    0x08012f60   0x08012f60   0x0000022c   Code   RO         1776    i.net_udp_send_if   Net_Dbg_CM3_L.lib(net_udp.o)
    0x0801318c   0x0801318c   0x00000024   Code   RO         1778    i.net_udp_socket_init  Net_Dbg_CM3_L.lib(net_udp.o)
    0x080131b0   0x080131b0   0x00000008   Code   RO         2456    i.net_ultoa         Net_Dbg_CM3_L.lib(net_common.o)
    0x080131b8   0x080131b8   0x00000030   Code   RO         2459    i.net_ultox         Net_Dbg_CM3_L.lib(net_common.o)
    0x080131e8   0x080131e8   0x0000004c   Code   RO         2460    i.net_xtoul         Net_Dbg_CM3_L.lib(net_common.o)
    0x08013234   0x08013234   0x0000001c   Code   RO         2115    i.ping_send_req     Net_Dbg_CM3_L.lib(net_ping_core.o)
    0x08013250   0x08013250   0x00000058   Code   RO         2004    i.proc_req_line     Net_Dbg_CM3_L.lib(net_http_server.o)
    0x080132a8   0x080132a8   0x0000001a   Code   RO         1721    i.que_free_list     Net_Dbg_CM3_L.lib(net_ip4_frag.o)
    0x080132c2   0x080132c2   0x000000a0   Code   RO         2005    i.read_script_line  Net_Dbg_CM3_L.lib(net_http_server.o)
    0x08013362   0x08013362   0x00000048   Code   RO         2006    i.search_delim      Net_Dbg_CM3_L.lib(net_http_server.o)
    0x080133aa   0x080133aa   0x00000018   Code   RO         2149    i.sys_map_if        Net_Dbg_CM3_L.lib(net_sys.o)
    0x080133c2   0x080133c2   0x00000002   PAD
    0x080133c4   0x080133c4   0x0000004c   Code   RO         2150    i.sys_proc_tick     Net_Dbg_CM3_L.lib(net_sys.o)
    0x08013410   0x08013410   0x00000110   Code   RO         1858    i.tcp_map_socket    Net_Dbg_CM3_L.lib(net_tcp.o)
    0x08013520   0x08013520   0x00000084   Code   RO         1859    i.tcp_parse_opt     Net_Dbg_CM3_L.lib(net_tcp.o)
    0x080135a4   0x080135a4   0x0000011c   Code   RO         1860    i.tcp_proc_acknr    Net_Dbg_CM3_L.lib(net_tcp.o)
    0x080136c0   0x080136c0   0x000000ac   Code   RO         1861    i.tcp_proc_dupack   Net_Dbg_CM3_L.lib(net_tcp.o)
    0x0801376c   0x0801376c   0x0000001a   Code   RO         1862    i.tcp_que_free      Net_Dbg_CM3_L.lib(net_tcp.o)
    0x08013786   0x08013786   0x0000001a   Code   RO         1863    i.tcp_que_init      Net_Dbg_CM3_L.lib(net_tcp.o)
    0x080137a0   0x080137a0   0x000000ac   Code   RO         1864    i.tcp_que_resend    Net_Dbg_CM3_L.lib(net_tcp.o)
    0x0801384c   0x0801384c   0x00000090   Code   RO         1865    i.tcp_send_ctrl     Net_Dbg_CM3_L.lib(net_tcp.o)
    0x080138dc   0x080138dc   0x0000007c   Code   RO         1866    i.tcp_send_data     Net_Dbg_CM3_L.lib(net_tcp.o)
    0x08013958   0x08013958   0x00000090   Code   RO         1867    i.tcp_send_reset    Net_Dbg_CM3_L.lib(net_tcp.o)
    0x080139e8   0x080139e8   0x00000044   Code   RO         1868    i.tcp_set_cwnd      Net_Dbg_CM3_L.lib(net_tcp.o)
    0x08013a2c   0x08013a2c   0x00000074   Code   RO         1869    i.tcp_transit       Net_Dbg_CM3_L.lib(net_tcp.o)
    0x08013aa0   0x08013aa0   0x0000010c   Code   RO         1870    i.tcp_write         Net_Dbg_CM3_L.lib(net_tcp.o)
    0x08013bac   0x08013bac   0x0000002c   Code   RO         1780    i.udp_port_in_use   Net_Dbg_CM3_L.lib(net_udp.o)
    0x08013bd8   0x08013bd8   0x00000044   Code   RO         2461    i.ul2str            Net_Dbg_CM3_L.lib(net_common.o)
    0x08013c1c   0x08013c1c   0x00000124   Code   RO         2007    i.utc_to_http       Net_Dbg_CM3_L.lib(net_http_server.o)
    0x08013d40   0x08013d40   0x00000024   Data   RO          141    .constdata          http_server.o
    0x08013d64   0x08013d64   0x00000004   Data   RO          228    .constdata          web.o
    0x08013d68   0x08013d68   0x00006561   Data   RO          229    .constdata          web.o
    0x0801a2c9   0x0801a2c9   0x00000003   PAD
    0x0801a2cc   0x0801a2cc   0x000000a0   Data   RO          230    .constdata          web.o
    0x0801a36c   0x0801a36c   0x00000960   Data   RO          249    .constdata          lcd.o
    0x0801accc   0x0801accc   0x00000008   Data   RO          315    .constdata          buttons_nucleo_f429zi.o
    0x0801acd4   0x0801acd4   0x00000018   Data   RO          341    .constdata          led_nucleo_f429zi.o
    0x0801acec   0x0801acec   0x00000024   Data   RO          552    .constdata          rtx_lib.o
    0x0801ad10   0x0801ad10   0x00000024   Data   RO          553    .constdata          rtx_lib.o
    0x0801ad34   0x0801ad34   0x00000018   Data   RO          554    .constdata          rtx_lib.o
    0x0801ad4c   0x0801ad4c   0x00000004   Data   RO          556    .constdata          rtx_lib.o
    0x0801ad50   0x0801ad50   0x00000004   Data   RO          897    .constdata          phy_lan8742a.o
    0x0801ad54   0x0801ad54   0x00000020   Data   RO          898    .constdata          phy_lan8742a.o
    0x0801ad74   0x0801ad74   0x00000050   Data   RO          925    .constdata          emac_stm32f4xx.o
    0x0801adc4   0x0801adc4   0x00000044   Data   RO          926    .constdata          emac_stm32f4xx.o
    0x0801ae08   0x0801ae08   0x00000034   Data   RO          968    .constdata          spi_stm32f4xx.o
    0x0801ae3c   0x0801ae3c   0x00000010   Data   RO          969    .constdata          spi_stm32f4xx.o
    0x0801ae4c   0x0801ae4c   0x00000010   Data   RO          970    .constdata          spi_stm32f4xx.o
    0x0801ae5c   0x0801ae5c   0x0000002c   Data   RO          971    .constdata          spi_stm32f4xx.o
    0x0801ae88   0x0801ae88   0x00000018   Data   RO         1007    .constdata          eventrecorder.o
    0x0801aea0   0x0801aea0   0x00000008   Data   RO         1146    .constdata          stm32f4xx_hal_dma.o
    0x0801aea8   0x0801aea8   0x00000010   Data   RO         1394    .constdata          system_stm32f4xx.o
    0x0801aeb8   0x0801aeb8   0x00000008   Data   RO         1395    .constdata          system_stm32f4xx.o
    0x0801aec0   0x0801aec0   0x000000a8   Data   RO         1439    .constdata          net_config.o
    0x0801af68   0x0801af68   0x0000001c   Data   RO         1440    .constdata          net_config.o
    0x0801af84   0x0801af84   0x00000014   Data   RO         1441    .constdata          net_config.o
    0x0801af98   0x0801af98   0x0000000c   Data   RO         1442    .constdata          net_config.o
    0x0801afa4   0x0801afa4   0x00000010   Data   RO         1443    .constdata          net_config.o
    0x0801afb4   0x0801afb4   0x00000028   Data   RO         1444    .constdata          net_config.o
    0x0801afdc   0x0801afdc   0x0000002c   Data   RO         1445    .constdata          net_config.o
    0x0801b008   0x0801b008   0x00000008   Data   RO         1446    .constdata          net_config.o
    0x0801b010   0x0801b010   0x00000008   Data   RO         1447    .constdata          net_config.o
    0x0801b018   0x0801b018   0x00000008   Data   RO         1448    .constdata          net_config.o
    0x0801b020   0x0801b020   0x00000008   Data   RO         1449    .constdata          net_config.o
    0x0801b028   0x0801b028   0x00000008   Data   RO         1450    .constdata          net_config.o
    0x0801b030   0x0801b030   0x00000008   Data   RO         1451    .constdata          net_config.o
    0x0801b038   0x0801b038   0x00000008   Data   RO         1452    .constdata          net_config.o
    0x0801b040   0x0801b040   0x00000008   Data   RO         1453    .constdata          net_config.o
    0x0801b048   0x0801b048   0x00000004   Data   RO         1455    .constdata          net_config.o
    0x0801b04c   0x0801b04c   0x00000008   Data   RO         1456    .constdata          net_config.o
    0x0801b054   0x0801b054   0x0000000c   Data   RO         1457    .constdata          net_config.o
    0x0801b060   0x0801b060   0x00000018   Data   RO         1458    .constdata          net_config.o
    0x0801b078   0x0801b078   0x00000034   Data   RO         1459    .constdata          net_config.o
    0x0801b0ac   0x0801b0ac   0x0000002c   Data   RO         1460    .constdata          net_config.o
    0x0801b0d8   0x0801b0d8   0x00000024   Data   RO         1461    .constdata          net_config.o
    0x0801b0fc   0x0801b0fc   0x00000010   Data   RO         1463    .constdata          net_config.o
    0x0801b10c   0x0801b10c   0x00000010   Data   RO         1464    .constdata          net_config.o
    0x0801b11c   0x0801b11c   0x00000008   Data   RO         1676    .constdata          Net_Dbg_CM3_L.lib(net_igmp.o)
    0x0801b124   0x0801b124   0x0000002c   Data   RO         1702    .constdata          Net_Dbg_CM3_L.lib(net_loopback.o)
    0x0801b150   0x0801b150   0x0000000c   Data   RO         1703    .constdata          Net_Dbg_CM3_L.lib(net_loopback.o)
    0x0801b15c   0x0801b15c   0x00000008   Data   RO         1940    .constdata          Net_Dbg_CM3_L.lib(net_nbns_client.o)
    0x0801b164   0x0801b164   0x000000fa   Data   RO         2009    .constdata          Net_Dbg_CM3_L.lib(net_http_server.o)
    0x0801b25e   0x0801b25e   0x00000002   PAD
    0x0801b260   0x0801b260   0x00000018   Data   RO         2088    .constdata          Net_Dbg_CM3_L.lib(net_http_server_auth.o)
    0x0801b278   0x0801b278   0x00000012   Data   RO         2117    .constdata          Net_Dbg_CM3_L.lib(net_ping_core.o)
    0x0801b28a   0x0801b28a   0x00000010   Data   RO         2210    .constdata          Net_Dbg_CM3_L.lib(net_addr.o)
    0x0801b29a   0x0801b29a   0x00000006   Data   RO         2211    .constdata          Net_Dbg_CM3_L.lib(net_addr.o)
    0x0801b2a0   0x0801b2a0   0x00000004   Data   RO         2333    .constdata          Net_Dbg_CM3_L.lib(net_ip4.o)
    0x0801b2a4   0x0801b2a4   0x00000020   Data   RO         2368    .constdata          Net_Dbg_CM3_L.lib(net_ip6.o)
    0x0801b2c4   0x0801b2c4   0x00000018   Data   RO         2408    .constdata          Net_Dbg_CM3_L.lib(net_http_server_err.o)
    0x0801b2dc   0x0801b2dc   0x00000010   Data   RO         2462    .constdata          Net_Dbg_CM3_L.lib(net_common.o)
    0x0801b2ec   0x0801b2ec   0x00000090   Data   RO         2509    .constdata          Net_Dbg_CM3_L.lib(net_base64.o)
    0x0801b37c   0x0801b37c   0x00000004   Data   RO         2518    .constdata          Net_Dbg_CM3_L.lib(net_version.o)
    0x0801b380   0x0801b380   0x000000da   Data   RO          206    .conststring        http_server_cgi.o
    0x0801b45a   0x0801b45a   0x00000002   PAD
    0x0801b45c   0x0801b45c   0x00000078   Data   RO         1465    .conststring        net_config.o
    0x0801b4d4   0x0801b4d4   0x0000000d   Data   RO         1466    .conststring        net_config.o
    0x0801b4e1   0x0801b4e1   0x00000003   PAD
    0x0801b4e4   0x0801b4e4   0x00000038   Data   RO         1467    .conststring        net_config.o
    0x0801b51c   0x0801b51c   0x0000001d   Data   RO         1468    .conststring        net_config.o
    0x0801b539   0x0801b539   0x00000003   PAD
    0x0801b53c   0x0801b53c   0x00000203   Data   RO         2409    .conststring        Net_Dbg_CM3_L.lib(net_http_server_err.o)
    0x0801b73f   0x0801b73f   0x00000001   PAD
    0x0801b740   0x0801b740   0x0000000b   Data   RO          496    .conststrlit        rtx_kernel.o
    0x0801b74b   0x0801b74b   0x00000001   PAD
    0x0801b74c   0x0801b74c   0x000000a8   Data   RO          557    .rodata             rtx_lib.o
    0x0801b7f4   0x0801b7f4   0x00000030   Data   RO         2863    Region$$Table       anon$$obj.o


    Execution Region RW_IRAM2 (Exec base: 0x10000000, Load base: 0x0801b95c, Size: 0x000004a4, Max: 0x00010000, ABSOLUTE)

    Exec Addr    Load Addr    Size         Type   Attr      Idx    E Section Name        Object

    0x10000000        -       0x000004a4   Zero   RW         1006    .bss.noinit         eventrecorder.o


    Execution Region RW_IRAM1 (Exec base: 0x20000000, Load base: 0x0801b824, Size: 0x0000f5a0, Max: 0x00030000, ABSOLUTE, COMPRESSED[0x00000138])

    Exec Addr    Load Addr    Size         Type   Attr      Idx    E Section Name        Object

    0x20000000   COMPRESSED   0x00008000   Data   RW          544    .bss.os             rtx_lib.o
    0x20008000   COMPRESSED   0x00000040   Data   RW          545    .bss.os             rtx_lib.o
    0x20008040   COMPRESSED   0x00000001   Data   RW          849    .bss.os             os_systick.o
    0x20008041   COMPRESSED   0x00000003   PAD
    0x20008044   COMPRESSED   0x00000034   Data   RW          546    .bss.os.msgqueue.cb  rtx_lib.o
    0x20008078   COMPRESSED   0x00000050   Data   RW          547    .bss.os.msgqueue.mem  rtx_lib.o
    0x200080c8   COMPRESSED   0x0000001c   Data   RW         1433    .bss.os.mutex.cb    net_config.o
    0x200080e4   COMPRESSED   0x0000001c   Data   RW         1434    .bss.os.mutex.cb    net_config.o
    0x20008100   COMPRESSED   0x00000010   Data   RW         1435    .bss.os.semaphore.cb  net_config.o
    0x20008110   COMPRESSED   0x00000044   Data   RW          548    .bss.os.thread.cb   rtx_lib.o
    0x20008154   COMPRESSED   0x00000044   Data   RW          549    .bss.os.thread.cb   rtx_lib.o
    0x20008198   COMPRESSED   0x00000044   Data   RW         1436    .bss.os.thread.cb   net_config.o
    0x200081dc   COMPRESSED   0x00000044   Data   RW         1437    .bss.os.thread.cb   net_config.o
    0x20008220   COMPRESSED   0x00000200   Data   RW          550    .bss.os.thread.idle.stack  rtx_lib.o
    0x20008420   COMPRESSED   0x00000200   Data   RW          551    .bss.os.thread.timer.stack  rtx_lib.o
    0x20008620   COMPRESSED   0x00000020   Data   RW         1438    .bss.os.timer.cb    net_config.o
    0x20008640   COMPRESSED   0x00000004   Data   RW            5    .data               main.o
    0x20008644   COMPRESSED   0x00000036   Data   RW          142    .data               http_server.o
    0x2000867a   COMPRESSED   0x00000002   PAD
    0x2000867c   COMPRESSED   0x00000008   Data   RW          207    .data               http_server_cgi.o
    0x20008684   COMPRESSED   0x0000000c   Data   RW          250    .data               lcd.o
    0x20008690   COMPRESSED   0x0000000c   Data   RW         1040    .data               stm32f4xx_hal.o
    0x2000869c   COMPRESSED   0x00000004   Data   RW         1396    .data               system_stm32f4xx.o
    0x200086a0   COMPRESSED   0x00000004   Data   RW         1469    .data               net_config.o
    0x200086a4   COMPRESSED   0x00000006   Data   RW         1470    .data               net_config.o
    0x200086aa   COMPRESSED   0x00000004   Data   RW         1471    .data               net_config.o
    0x200086ae   COMPRESSED   0x00000004   Data   RW         1677    .data               Net_Dbg_CM3_L.lib(net_igmp.o)
    0x200086b2   COMPRESSED   0x00000002   PAD
    0x200086b4   COMPRESSED   0x00000004   Data   RW         1704    .data               Net_Dbg_CM3_L.lib(net_loopback.o)
    0x200086b8   COMPRESSED   0x00000004   Data   RW         1722    .data               Net_Dbg_CM3_L.lib(net_ip4_frag.o)
    0x200086bc   COMPRESSED   0x00000001   Data   RW         1740    .data               Net_Dbg_CM3_L.lib(net_icmp.o)
    0x200086bd   COMPRESSED   0x00000001   PAD
    0x200086be   COMPRESSED   0x00000002   Data   RW         1782    .data               Net_Dbg_CM3_L.lib(net_udp.o)
    0x200086c0   COMPRESSED   0x00000004   Data   RW         1873    .data               Net_Dbg_CM3_L.lib(net_tcp.o)
    0x200086c4   COMPRESSED   0x00000001   Data   RW         1941    .data               Net_Dbg_CM3_L.lib(net_nbns_client.o)
    0x200086c5   COMPRESSED   0x00000003   PAD
    0x200086c8   COMPRESSED   0x0000000c   Data   RW         2010    .data               Net_Dbg_CM3_L.lib(net_http_server.o)
    0x200086d4   COMPRESSED   0x00000008   Data   RW         2334    .data               Net_Dbg_CM3_L.lib(net_ip4.o)
    0x200086dc   COMPRESSED   0x00000004   Data   RW         2370    .data               Net_Dbg_CM3_L.lib(net_ip6.o)
    0x200086e0   COMPRESSED   0x000000a4   Data   RW          497    .data.os            rtx_kernel.o
    0x20008784        -       0x00000098   Zero   RW          139    .bss                http_server.o
    0x2000881c   COMPRESSED   0x00000004   PAD
    0x20008820        -       0x00000400   Zero   RW          140    .bss                http_server.o
    0x20008c20        -       0x00000038   Zero   RW          205    .bss                http_server_cgi.o
    0x20008c58        -       0x00000200   Zero   RW          248    .bss                lcd.o
    0x20008e58        -       0x0000000c   Zero   RW          896    .bss                phy_lan8742a.o
    0x20008e64        -       0x000024cc   Zero   RW          924    .bss                emac_stm32f4xx.o
    0x2000b330        -       0x00000010   Zero   RW          966    .bss                spi_stm32f4xx.o
    0x2000b340        -       0x0000001c   Zero   RW          967    .bss                spi_stm32f4xx.o
    0x2000b35c   COMPRESSED   0x00000004   PAD
    0x2000b360        -       0x00000400   Zero   RW         1423    .bss                net_config.o
    0x2000b760        -       0x00000400   Zero   RW         1424    .bss                net_config.o
    0x2000bb60        -       0x00002ee0   Zero   RW         1425    .bss                net_config.o
    0x2000ea40        -       0x000000c8   Zero   RW         1426    .bss                net_config.o
    0x2000eb08        -       0x00000028   Zero   RW         1427    .bss                net_config.o
    0x2000eb30        -       0x00000018   Zero   RW         1428    .bss                net_config.o
    0x2000eb48        -       0x00000028   Zero   RW         1429    .bss                net_config.o
    0x2000eb70        -       0x00000050   Zero   RW         1430    .bss                net_config.o
    0x2000ebc0        -       0x00000228   Zero   RW         1431    .bss                net_config.o
    0x2000ede8        -       0x00000150   Zero   RW         1432    .bss                net_config.o
    0x2000ef38        -       0x000000a0   Zero   RW         1566    .bss                Net_Dbg_CM3_L.lib(net_eth.o)
    0x2000efd8        -       0x00000018   Zero   RW         1626    .bss                Net_Dbg_CM3_L.lib(net_arp.o)
    0x2000eff0        -       0x0000001c   Zero   RW         1781    .bss                Net_Dbg_CM3_L.lib(net_udp.o)
    0x2000f00c        -       0x00000098   Zero   RW         2008    .bss                Net_Dbg_CM3_L.lib(net_http_server.o)
    0x2000f0a4        -       0x0000002c   Zero   RW         2116    .bss                Net_Dbg_CM3_L.lib(net_ping_core.o)
    0x2000f0d0        -       0x00000038   Zero   RW         2151    .bss                Net_Dbg_CM3_L.lib(net_sys.o)
    0x2000f108        -       0x00000024   Zero   RW         2152    .bss                Net_Dbg_CM3_L.lib(net_sys.o)
    0x2000f12c        -       0x0000005c   Zero   RW         2209    .bss                Net_Dbg_CM3_L.lib(net_addr.o)
    0x2000f188        -       0x00000014   Zero   RW         2424    .bss                Net_Dbg_CM3_L.lib(net_mem.o)
    0x2000f19c   COMPRESSED   0x00000004   PAD
    0x2000f1a0        -       0x00000400   Zero   RW         1383    STACK               startup_stm32f429xx.o


==============================================================================

Image component sizes


      Code (inc. data)   RO Data    RW Data    ZI Data      Debug   Object Name

       228         18          0          0          0       1648   adc.o
       164         10          8          0          0       2288   buttons_nucleo_f429zi.o
      2536        156        148          0       9420      47378   emac_stm32f4xx.o
      1452         40         24          0       1188      17176   eventrecorder.o
       376         68         36         54       1176      11634   http_server.o
      1824        340        218          8         56       7501   http_server_cgi.o
       148          8          0          0          0        540   irq_armv7m.o
       804         32       2400         12        512       8229   lcd.o
       236         10         24          0          0       2697   led_nucleo_f429zi.o
       272         28          0          4          0     739531   main.o
       360         26        822        254      15320      31786   net_config.o
       338          0          0          0          0        770   net_debug.o
       196         12          0          1          0       1932   os_systick.o
       428         10         36          0         12       6718   phy_lan8742a.o
         4          0          0          0          0        535   rtx_config.o
       260         14          0          0          0      17646   rtx_delay.o
      2392         88          0          0          0      45101   rtx_evr.o
      1740         96         11        164          0      27736   rtx_kernel.o
        24          0        268      34124          0       9667   rtx_lib.o
       292          0          0          0          0       3759   rtx_memory.o
      1984         48          0          0          0      14948   rtx_mempool.o
      2820         58          0          0          0      23432   rtx_msgqueue.o
      1368         30          0          0          0       9994   rtx_mutex.o
      1432         34          0          0          0      11676   rtx_semaphore.o
       668         18          0          0          0       8237   rtx_system.o
      4892        124          0          0          0      33369   rtx_thread.o
      1152         34          0          0          0      10097   rtx_timer.o
      3164         98        128          0         44      44715   spi_stm32f4xx.o
        36          8        428          0       1024        772   startup_stm32f429xx.o
       456         38          0         12          0      11319   stm32f4xx_hal.o
      2744         92          0          0          0       8763   stm32f4xx_hal_adc.o
      1828         42          0          0          0       6470   stm32f4xx_hal_adc_ex.o
       664         10          0          0          0      36014   stm32f4xx_hal_cortex.o
      1816         28          8          0          0       7577   stm32f4xx_hal_dma.o
       868         54          0          0          0       3931   stm32f4xx_hal_gpio.o
      1888         66          0          0          0       6083   stm32f4xx_hal_rcc.o
       148         20         24          4          0       1589   system_stm32f4xx.o
       120         10      26117          0          0       1544   web.o

    ----------------------------------------------------------------------
     42122       1768      30760      34642      28760    1224802   Object Totals
         0          0         48          0          0          0   (incl. Generated)
         0          0         12          5          8          0   (incl. Padding)

    ----------------------------------------------------------------------

      Code (inc. data)   RO Data    RW Data    ZI Data      Debug   Library Member Name

      1414         18         22          0         92       1556   net_addr.o
      2874        144          0          0         24       1548   net_arp.o
       120          6        144          0          0         84   net_base64.o
       622         10         16          0          0       1340   net_common.o
      3664        138          0          0        160       1600   net_eth.o
      6834       1268        250         12        152       2852   net_http_server.o
       266         66         24          0          0        368   net_http_server_auth.o
         0          0        539          0          0          0   net_http_server_err.o
       640         48          0          1          0        236   net_icmp.o
       812         60          0          0          0        332   net_icmp6.o
       972         46          8          4          0        680   net_igmp.o
      1188         82          4          8          0        956   net_ip4.o
       690         30          0          4          0        476   net_ip4_frag.o
       848         72         32          4          0        644   net_ip6.o
       348         28         56          4          0        256   net_loopback.o
       592         64          0          0         20        564   net_mem.o
       520         44          8          1          0        188   net_nbns_client.o
      3058        106          0          0          0       1404   net_ndp.o
       188         32         18          0         44        220   net_ping_core.o
       834         84          0          0         92       1012   net_sys.o
      6566        282          0          4          0       2728   net_tcp.o
      1310         70          0          2         28        620   net_udp.o
         0          0          4          0          0          0   net_version.o
        86          0          0          0          0          0   __dczerorl2.o
         0          0          0          0          0          0   entry.o
         0          0          0          0          0          0   entry10a.o
         0          0          0          0          0          0   entry11a.o
         4          0          0          0          0          0   entry12b.o
         8          4          0          0          0          0   entry2.o
         4          0          0          0          0          0   entry5.o
         0          0          0          0          0          0   entry7b.o
         0          0          0          0          0          0   entry8b.o
         8          4          0          0          0          0   entry9a.o
        30          0          0          0          0          0   handlers.o
        36          8          0          0          0         68   init.o
         0          0          0          0          0          0   iusefp.o
        30          0          0          0          0         68   llshl.o
        36          0          0          0          0         68   llsshr.o
        32          0          0          0          0         68   llushr.o
        26          0          0          0          0         80   memcmp.o
        36          0          0          0          0         68   memcpya.o
        36          0          0          0          0        108   memseta.o
      2236         86          0          0          0        532   printfa.o
        28          0          0          0          0         76   strcmp.o
        18          0          0          0          0         68   strcpy.o
        14          0          0          0          0         68   strlen.o
        30          0          0          0          0         80   strncmp.o
        44          0          0          0          0         80   uidiv.o
        98          0          0          0          0         92   uldiv.o
        48          0          0          0          0         68   cdrcmple.o
       334          0          0          0          0        148   dadd.o
       222          0          0          0          0        100   ddiv.o
       186          0          0          0          0        176   depilogue.o
        48          0          0          0          0         68   dfixul.o
       228          0          0          0          0         96   dmul.o
        46          0          0          0          0         80   dscalb.o
        38          0          0          0          0         68   f2d.o
       110          0          0          0          0        168   fepilogue.o
        50          0          0          0          0         68   ffixi.o
        10          0          0          0          0         68   ffltui.o
       100          0          0          0          0         76   fmul.o

    ----------------------------------------------------------------------
     38666       2800       1128         50        616      22372   Library Totals
        46          0          3          6          4          0   (incl. Padding)

    ----------------------------------------------------------------------

      Code (inc. data)   RO Data    RW Data    ZI Data      Debug   Library Name

     34360       2698       1125         44        612      19664   Net_Dbg_CM3_L.lib
      2840        102          0          0          0       1524   mc_w.l
      1420          0          0          0          0       1184   mf_w.l

    ----------------------------------------------------------------------
     38666       2800       1128         50        616      22372   Library Totals

    ----------------------------------------------------------------------

==============================================================================


      Code (inc. data)   RO Data    RW Data    ZI Data      Debug   

     80788       4568      31888      34692      29376    1230038   Grand Totals
     80788       4568      31888        312      29376    1230038   ELF Image Totals (compressed)
     80788       4568      31888        312          0          0   ROM Totals

==============================================================================

    Total RO  Size (Code + RO Data)               112676 ( 110.04kB)
    Total RW  Size (RW Data + ZI Data)             64068 (  62.57kB)
    Total ROM Size (Code + RO Data + RW Data)     112988 ( 110.34kB)

==============================================================================

